Archive member included to satisfy reference by file (symbol)

/home/ldq/rk-linux/prebuilts/gcc-arm-none-eabi-7-2018-q2-update/bin/../lib/gcc/arm-none-eabi/7.3.1/thumb/v7-m/libgcc.a(_arm_addsubdf3.o)
                              build/kernel/components/libc/compilers/minilibc/math.o (__aeabi_dsub)
/home/ldq/rk-linux/prebuilts/gcc-arm-none-eabi-7-2018-q2-update/bin/../lib/gcc/arm-none-eabi/7.3.1/thumb/v7-m/libgcc.a(_arm_muldivdf3.o)
                              build/kernel/components/libc/compilers/minilibc/math.o (__aeabi_dmul)
/home/ldq/rk-linux/prebuilts/gcc-arm-none-eabi-7-2018-q2-update/bin/../lib/gcc/arm-none-eabi/7.3.1/thumb/v7-m/libgcc.a(_arm_fixdfsi.o)
                              build/kernel/components/libc/compilers/minilibc/math.o (__aeabi_d2iz)
/home/ldq/rk-linux/prebuilts/gcc-arm-none-eabi-7-2018-q2-update/bin/../lib/gcc/arm-none-eabi/7.3.1/../../../../arm-none-eabi/lib/thumb/v7-m/libc.a(lib_a-exit.o)
                              /home/ldq/rk-linux/prebuilts/gcc-arm-none-eabi-7-2018-q2-update/bin/../lib/gcc/arm-none-eabi/7.3.1/../../../../arm-none-eabi/lib/thumb/v7-m/crt0.o (exit)
/home/ldq/rk-linux/prebuilts/gcc-arm-none-eabi-7-2018-q2-update/bin/../lib/gcc/arm-none-eabi/7.3.1/../../../../arm-none-eabi/lib/thumb/v7-m/libc.a(lib_a-impure.o)
                              /home/ldq/rk-linux/prebuilts/gcc-arm-none-eabi-7-2018-q2-update/bin/../lib/gcc/arm-none-eabi/7.3.1/../../../../arm-none-eabi/lib/thumb/v7-m/libc.a(lib_a-exit.o) (_global_impure_ptr)
/home/ldq/rk-linux/prebuilts/gcc-arm-none-eabi-7-2018-q2-update/bin/../lib/gcc/arm-none-eabi/7.3.1/../../../../arm-none-eabi/lib/thumb/v7-m/libc.a(lib_a-init.o)
                              /home/ldq/rk-linux/prebuilts/gcc-arm-none-eabi-7-2018-q2-update/bin/../lib/gcc/arm-none-eabi/7.3.1/../../../../arm-none-eabi/lib/thumb/v7-m/crt0.o (__libc_init_array)
/home/ldq/rk-linux/prebuilts/gcc-arm-none-eabi-7-2018-q2-update/bin/../lib/gcc/arm-none-eabi/7.3.1/../../../../arm-none-eabi/lib/thumb/v7-m/libc.a(lib_a-__call_atexit.o)
                              /home/ldq/rk-linux/prebuilts/gcc-arm-none-eabi-7-2018-q2-update/bin/../lib/gcc/arm-none-eabi/7.3.1/../../../../arm-none-eabi/lib/thumb/v7-m/libc.a(lib_a-exit.o) (__call_exitprocs)
/home/ldq/rk-linux/prebuilts/gcc-arm-none-eabi-7-2018-q2-update/bin/../lib/gcc/arm-none-eabi/7.3.1/../../../../arm-none-eabi/lib/thumb/v7-m/libc.a(lib_a-atexit.o)
                              /home/ldq/rk-linux/prebuilts/gcc-arm-none-eabi-7-2018-q2-update/bin/../lib/gcc/arm-none-eabi/7.3.1/../../../../arm-none-eabi/lib/thumb/v7-m/libc.a(lib_a-__call_atexit.o) (atexit)
/home/ldq/rk-linux/prebuilts/gcc-arm-none-eabi-7-2018-q2-update/bin/../lib/gcc/arm-none-eabi/7.3.1/../../../../arm-none-eabi/lib/thumb/v7-m/libc.a(lib_a-fini.o)
                              /home/ldq/rk-linux/prebuilts/gcc-arm-none-eabi-7-2018-q2-update/bin/../lib/gcc/arm-none-eabi/7.3.1/../../../../arm-none-eabi/lib/thumb/v7-m/libc.a(lib_a-__call_atexit.o) (__libc_fini_array)
/home/ldq/rk-linux/prebuilts/gcc-arm-none-eabi-7-2018-q2-update/bin/../lib/gcc/arm-none-eabi/7.3.1/../../../../arm-none-eabi/lib/thumb/v7-m/libc.a(lib_a-lock.o)
                              /home/ldq/rk-linux/prebuilts/gcc-arm-none-eabi-7-2018-q2-update/bin/../lib/gcc/arm-none-eabi/7.3.1/../../../../arm-none-eabi/lib/thumb/v7-m/libc.a(lib_a-__call_atexit.o) (__retarget_lock_acquire_recursive)
/home/ldq/rk-linux/prebuilts/gcc-arm-none-eabi-7-2018-q2-update/bin/../lib/gcc/arm-none-eabi/7.3.1/../../../../arm-none-eabi/lib/thumb/v7-m/libc.a(lib_a-__atexit.o)
                              /home/ldq/rk-linux/prebuilts/gcc-arm-none-eabi-7-2018-q2-update/bin/../lib/gcc/arm-none-eabi/7.3.1/../../../../arm-none-eabi/lib/thumb/v7-m/libc.a(lib_a-atexit.o) (__register_exitproc)

Allocating common symbols
Common symbol       size              file

__lock___atexit_recursive_mutex
                    0x1               /home/ldq/rk-linux/prebuilts/gcc-arm-none-eabi-7-2018-q2-update/bin/../lib/gcc/arm-none-eabi/7.3.1/../../../../arm-none-eabi/lib/thumb/v7-m/libc.a(lib_a-lock.o)
rt_interrupt_to_thread
                    0x4               build/kernel/libcpu/arm/cortex-m3/cpuport.o
rt_interrupt_from_thread
                    0x4               build/kernel/libcpu/arm/cortex-m3/cpuport.o
__lock___arc4random_mutex
                    0x1               /home/ldq/rk-linux/prebuilts/gcc-arm-none-eabi-7-2018-q2-update/bin/../lib/gcc/arm-none-eabi/7.3.1/../../../../arm-none-eabi/lib/thumb/v7-m/libc.a(lib_a-lock.o)
shell               0x4               build/kernel/components/finsh/shell.o
rt_thread_switch_interrupt_flag
                    0x4               build/kernel/libcpu/arm/cortex-m3/cpuport.o
uwTick              0x4               /home/ldq/rk-linux/rt-thread/bsp/stm32/libraries/STM32F1xx_HAL/STM32F1xx_HAL_Driver/Src/stm32f1xx_hal.o
__lock___env_recursive_mutex
[...]
Memory Configuration

Name             Origin             Length             Attributes
ROM              0x0000000008000000 0x0000000000080000 xr
RAM              0x0000000020000000 0x0000000000010000 rw
*default*        0x0000000000000000 0xffffffffffffffff

Linker script and memory map

LOAD /home/ldq/rk-linux/prebuilts/gcc-arm-none-eabi-7-2018-q2-update/bin/../lib/gcc/arm-none-eabi/7.3.1/thumb/v7-m/crti.o
LOAD /home/ldq/rk-linux/prebuilts/gcc-arm-none-eabi-7-2018-q2-update/bin/../lib/gcc/arm-none-eabi/7.3.1/thumb/v7-m/crtbegin.o
LOAD /home/ldq/rk-linux/prebuilts/gcc-arm-none-eabi-7-2018-q2-update/bin/../lib/gcc/arm-none-eabi/7.3.1/../../../../arm-none-eabi/lib/thumb/v7-m/crt0.o
LOAD build/applications/main.o
LOAD build/board/board.o
LOAD build/board/CubeMX_Config/Src/stm32f1xx_hal_msp.o
LOAD /home/ldq/rk-linux/rt-thread/bsp/stm32/libraries/STM32F1xx_HAL/CMSIS/Device/ST/STM32F1xx/Source/Templates/gcc/startup_stm32f103xe.o
LOAD build/kernel/src/clock.o
LOAD build/kernel/src/components.o
LOAD build/kernel/src/cpu.o
LOAD build/kernel/src/device.o
LOAD build/kernel/src/idle.o
LOAD build/kernel/src/ipc.o
LOAD build/kernel/src/irq.o
LOAD build/kernel/src/kservice.o
LOAD build/kernel/src/mem.o
LOAD build/kernel/src/mempool.o
LOAD build/kernel/src/object.o
LOAD build/kernel/src/scheduler.o
LOAD build/kernel/src/signal.o
LOAD build/kernel/src/thread.o
LOAD build/kernel/src/timer.o
LOAD build/kernel/libcpu/arm/common/backtrace.o
LOAD build/kernel/libcpu/arm/common/div0.o
LOAD build/kernel/libcpu/arm/common/showmem.o
LOAD build/kernel/libcpu/arm/cortex-m3/cpuport.o
LOAD build/kernel/libcpu/arm/cortex-m3/context_gcc.o
LOAD build/kernel/components/drivers/misc/pin.o
LOAD build/kernel/components/drivers/serial/serial.o
LOAD build/kernel/components/drivers/src/completion.o
LOAD build/kernel/components/drivers/src/dataqueue.o
LOAD build/kernel/components/drivers/src/pipe.o
LOAD build/kernel/components/drivers/src/ringblk_buf.o
LOAD build/kernel/components/drivers/src/ringbuffer.o
LOAD build/kernel/components/drivers/src/waitqueue.o
LOAD build/kernel/components/drivers/src/workqueue.o
LOAD build/kernel/components/finsh/shell.o
LOAD build/kernel/components/finsh/symbol.o
LOAD build/kernel/components/finsh/cmd.o
LOAD build/kernel/components/finsh/msh.o
LOAD build/kernel/components/finsh/msh_cmd.o
LOAD build/kernel/components/finsh/msh_file.o
LOAD build/kernel/components/libc/compilers/minilibc/ctype.o
LOAD build/kernel/components/libc/compilers/minilibc/math.o
LOAD build/kernel/components/libc/compilers/minilibc/qsort.o
LOAD build/kernel/components/libc/compilers/minilibc/rand.o
LOAD build/kernel/components/libc/compilers/minilibc/stdlib.o
LOAD build/kernel/components/libc/compilers/minilibc/string.o
LOAD build/kernel/components/libc/compilers/minilibc/time.o
LOAD /home/ldq/rk-linux/rt-thread/bsp/stm32/libraries/STM32F1xx_HAL/CMSIS/Device/ST/STM32F1xx/Source/Templates/system_stm32f1xx.o
LOAD /home/ldq/rk-linux/rt-thread/bsp/stm32/libraries/STM32F1xx_HAL/STM32F1xx_HAL_Driver/Src/stm32f1xx_hal_dma.o
LOAD /home/ldq/rk-linux/rt-thread/bsp/stm32/libraries/STM32F1xx_HAL/STM32F1xx_HAL_Driver/Src/stm32f1xx_hal_cortex.o
LOAD /home/ldq/rk-linux/rt-thread/bsp/stm32/libraries/STM32F1xx_HAL/STM32F1xx_HAL_Driver/Src/stm32f1xx_hal_crc.o
LOAD /home/ldq/rk-linux/rt-thread/bsp/stm32/libraries/STM32F1xx_HAL/STM32F1xx_HAL_Driver/Src/stm32f1xx_hal_pwr.o
LOAD /home/ldq/rk-linux/rt-thread/bsp/stm32/libraries/STM32F1xx_HAL/STM32F1xx_HAL_Driver/Src/stm32f1xx_hal_rcc.o
LOAD /home/ldq/rk-linux/rt-thread/bsp/stm32/libraries/STM32F1xx_HAL/STM32F1xx_HAL_Driver/Src/stm32f1xx_hal_rcc_ex.o
LOAD /home/ldq/rk-linux/rt-thread/bsp/stm32/libraries/STM32F1xx_HAL/STM32F1xx_HAL_Driver/Src/stm32f1xx_hal.o
LOAD /home/ldq/rk-linux/rt-thread/bsp/stm32/libraries/STM32F1xx_HAL/STM32F1xx_HAL_Driver/Src/stm32f1xx_hal_cec.o
LOAD /home/ldq/rk-linux/rt-thread/bsp/stm32/libraries/STM32F1xx_HAL/STM32F1xx_HAL_Driver/Src/stm32f1xx_hal_sram.o
LOAD /home/ldq/rk-linux/rt-thread/bsp/stm32/libraries/STM32F1xx_HAL/STM32F1xx_HAL_Driver/Src/stm32f1xx_hal_gpio.o
LOAD /home/ldq/rk-linux/rt-thread/bsp/stm32/libraries/STM32F1xx_HAL/STM32F1xx_HAL_Driver/Src/stm32f1xx_hal_gpio_ex.o
LOAD /home/ldq/rk-linux/rt-thread/bsp/stm32/libraries/STM32F1xx_HAL/STM32F1xx_HAL_Driver/Src/stm32f1xx_hal_uart.o
LOAD /home/ldq/rk-linux/rt-thread/bsp/stm32/libraries/STM32F1xx_HAL/STM32F1xx_HAL_Driver/Src/stm32f1xx_hal_usart.o
LOAD /home/ldq/rk-linux/rt-thread/bsp/stm32/libraries/HAL_Drivers/drv_gpio.o
LOAD /home/ldq/rk-linux/rt-thread/bsp/stm32/libraries/HAL_Drivers/drv_usart.o
LOAD /home/ldq/rk-linux/rt-thread/bsp/stm32/libraries/HAL_Drivers/drv_common.o
START GROUP
LOAD /home/ldq/rk-linux/prebuilts/gcc-arm-none-eabi-7-2018-q2-update/bin/../lib/gcc/arm-none-eabi/7.3.1/thumb/v7-m/libgcc.a
LOAD /home/ldq/rk-linux/prebuilts/gcc-arm-none-eabi-7-2018-q2-update/bin/../lib/gcc/arm-none-eabi/7.3.1/../../../../arm-none-eabi/lib/thumb/v7-m/libc.a
END GROUP
LOAD /home/ldq/rk-linux/prebuilts/gcc-arm-none-eabi-7-2018-q2-update/bin/../lib/gcc/arm-none-eabi/7.3.1/thumb/v7-m/crtend.o
LOAD /home/ldq/rk-linux/prebuilts/gcc-arm-none-eabi-7-2018-q2-update/bin/../lib/gcc/arm-none-eabi/7.3.1/thumb/v7-m/crtn.o
                0x0000000000000200                _system_stack_size = 0x200

.text           0x0000000008000000     0xdd3c
                0x0000000008000000                . = ALIGN (0x4)
                0x0000000008000000                _stext = .
 *(.isr_vector)
 .isr_vector    0x0000000008000000      0x1e4 /home/ldq/rk-linux/rt-thread/bsp/stm32/libraries/STM32F1xx_HAL/CMSIS/Device/ST/STM32F1xx/Source/Templates/gcc/startup_stm32f103xe.o
                0x0000000008000000                g_pfnVectors
                0x00000000080001e4                . = ALIGN (0x4)
 *(.text)
 .text          0x00000000080001e4       0x40 /home/ldq/rk-linux/prebuilts/gcc-arm-none-eabi-7-2018-q2-update/bin/../lib/gcc/arm-none-eabi/7.3.1/thumb/v7-m/crtbegin.o
 .text          0x0000000008000224      0x100 build/kernel/libcpu/arm/cortex-m3/context_gcc.o
                0x0000000008000224                rt_hw_interrupt_disable
                0x000000000800022c                rt_hw_interrupt_enable
                0x0000000008000232                rt_hw_context_switch_interrupt
                0x0000000008000232                rt_hw_context_switch
                0x0000000008000252                PendSV_Handler
                0x000000000800028e                rt_hw_context_switch_to
                0x00000000080002ca                rt_hw_interrupt_thread_switch
                0x00000000080002ce                HardFault_Handler
                0x0000000008000304                rt_hw_interrupt_check
 *(.text.*)
 .text.main     0x0000000008000324       0x60 build/applications/main.o
                0x0000000008000324                main
 .text.SystemClock_Config
                0x0000000008000384       0x98 build/board/board.o
                0x0000000008000384                SystemClock_Config
 .text.HAL_MspInit
                0x000000000800041c       0x64 build/board/CubeMX_Config/Src/stm32f1xx_hal_msp.o
                0x000000000800041c                HAL_MspInit
 .text.HAL_UART_MspInit
                0x0000000008000480       0x98 build/board/CubeMX_Config/Src/stm32f1xx_hal_msp.o
                0x0000000008000480                HAL_UART_MspInit
 .text.Reset_Handler
                0x0000000008000518       0x44 /home/ldq/rk-linux/rt-thread/bsp/stm32/libraries/STM32F1xx_HAL/CMSIS/Device/ST/STM32F1xx/Source/Templates/gcc/startup_stm32f103xe.o
                0x0000000008000518                Reset_Handler
 .text.Default_Handler
                0x000000000800055c        0x2 /home/ldq/rk-linux/rt-thread/bsp/stm32/libraries/STM32F1xx_HAL/CMSIS/Device/ST/STM32F1xx/Source/Templates/gcc/startup_stm32f103xe.o
                0x000000000800055c                RTC_Alarm_IRQHandler
                0x000000000800055c                TIM8_TRG_COM_IRQHandler
                0x000000000800055c                TIM8_CC_IRQHandler
                0x000000000800055c                DebugMon_Handler
                0x000000000800055c                TIM1_CC_IRQHandler
                0x000000000800055c                TIM6_IRQHandler
                0x000000000800055c                PVD_IRQHandler
                0x000000000800055c                SDIO_IRQHandler
                0x000000000800055c                NMI_Handler
                0x000000000800055c                I2C2_EV_IRQHandler
                0x000000000800055c                UsageFault_Handler
                0x000000000800055c                ADC1_2_IRQHandler
                0x000000000800055c                SPI1_IRQHandler
                0x000000000800055c                TAMPER_IRQHandler
                0x000000000800055c                TIM8_UP_IRQHandler
                0x000000000800055c                DMA2_Channel2_IRQHandler
                0x000000000800055c                DMA1_Channel4_IRQHandler
                0x000000000800055c                USART3_IRQHandler
                0x000000000800055c                RTC_IRQHandler
                0x000000000800055c                DMA1_Channel7_IRQHandler
                0x000000000800055c                CAN1_RX1_IRQHandler
                0x000000000800055c                UART5_IRQHandler
                0x000000000800055c                ADC3_IRQHandler
                0x000000000800055c                TIM4_IRQHandler
                0x000000000800055c                DMA2_Channel1_IRQHandler
                0x000000000800055c                I2C1_EV_IRQHandler
                0x000000000800055c                DMA1_Channel6_IRQHandler
                0x000000000800055c                UART4_IRQHandler
                0x000000000800055c                TIM3_IRQHandler
                0x000000000800055c                RCC_IRQHandler
                0x000000000800055c                TIM1_TRG_COM_IRQHandler
                0x000000000800055c                DMA1_Channel1_IRQHandler
                0x000000000800055c                Default_Handler
                0x000000000800055c                TIM7_IRQHandler
                0x000000000800055c                TIM5_IRQHandler
                0x000000000800055c                SPI2_IRQHandler
                0x000000000800055c                MemManage_Handler
                0x000000000800055c                SVC_Handler
                0x000000000800055c                USB_LP_CAN1_RX0_IRQHandler
                0x000000000800055c                USB_HP_CAN1_TX_IRQHandler
                0x000000000800055c                DMA1_Channel3_IRQHandler
                0x000000000800055c                FSMC_IRQHandler
                0x000000000800055c                TIM1_UP_IRQHandler
                0x000000000800055c                WWDG_IRQHandler
                0x000000000800055c                TIM2_IRQHandler
                0x000000000800055c                TIM1_BRK_IRQHandler
                0x000000000800055c                DMA2_Channel4_5_IRQHandler
                0x000000000800055c                USART2_IRQHandler
                0x000000000800055c                I2C2_ER_IRQHandler
                0x000000000800055c                DMA1_Channel2_IRQHandler
                0x000000000800055c                TIM8_BRK_IRQHandler
                0x000000000800055c                CAN1_SCE_IRQHandler
                0x000000000800055c                FLASH_IRQHandler
                0x000000000800055c                BusFault_Handler
                0x000000000800055c                SPI3_IRQHandler
                0x000000000800055c                I2C1_ER_IRQHandler
                0x000000000800055c                USBWakeUp_IRQHandler
                0x000000000800055c                DMA2_Channel3_IRQHandler
 *fill*         0x000000000800055e        0x2 00000000
 .text.rt_tick_get
                0x0000000008000560       0x14 build/kernel/src/clock.o
                0x0000000008000560                rt_tick_get
 .text.rt_tick_increase
                0x0000000008000574       0x44 build/kernel/src/clock.o
                0x0000000008000574                rt_tick_increase
 .text.rt_tick_from_millisecond
                0x00000000080005b8       0x78 build/kernel/src/clock.o
                0x00000000080005b8                rt_tick_from_millisecond
 .text.rti_start
                0x0000000008000630        0xe build/kernel/src/components.o
 .text.rti_board_start
                0x000000000800063e        0xe build/kernel/src/components.o
 .text.rti_board_end
                0x000000000800064c        0xe build/kernel/src/components.o
 .text.rti_end  0x000000000800065a        0xe build/kernel/src/components.o
 .text.rt_components_board_init
                0x0000000008000668       0x30 build/kernel/src/components.o
                0x0000000008000668                rt_components_board_init
 .text.rt_components_init
                0x0000000008000698       0x30 build/kernel/src/components.o
                0x0000000008000698                rt_components_init
 .text.entry    0x00000000080006c8        0xe build/kernel/src/components.o
                0x00000000080006c8                entry
 .text.main_thread_entry
                0x00000000080006d6       0x18 build/kernel/src/components.o
                0x00000000080006d6                main_thread_entry
 *fill*         0x00000000080006ee        0x2 00000000
 .text.rt_application_init
                0x00000000080006f0       0x4c build/kernel/src/components.o
                0x00000000080006f0                rt_application_init
 .text.rtthread_startup
                0x000000000800073c       0x2e build/kernel/src/components.o
                0x000000000800073c                rtthread_startup
 .text.rt_device_register
                0x000000000800076a       0x54 build/kernel/src/device.o
                0x000000000800076a                rt_device_register
 *fill*         0x00000000080007be        0x2 00000000
 .text.rt_device_find
                0x00000000080007c0       0x90 build/kernel/src/device.o
                0x00000000080007c0                rt_device_find
 .text.rt_device_open
                0x0000000008000850      0x11c build/kernel/src/device.o
                0x0000000008000850                rt_device_open
 .text.rt_device_close
                0x000000000800096c       0x9c build/kernel/src/device.o
                0x000000000800096c                rt_device_close
 .text.rt_device_read
                0x0000000008000a08       0x88 build/kernel/src/device.o
                0x0000000008000a08                rt_device_read
 .text.rt_device_write
                0x0000000008000a90       0x88 build/kernel/src/device.o
                0x0000000008000a90                rt_device_write
 .text.rt_device_set_rx_indicate
                0x0000000008000b18       0x54 build/kernel/src/device.o
                0x0000000008000b18                rt_device_set_rx_indicate
 .text.rt_list_remove
                0x0000000008000b6c       0x34 build/kernel/src/idle.o
 .text._has_defunct_thread
                0x0000000008000ba0       0x28 build/kernel/src/idle.o
 .text.rt_thread_idle_excute
                0x0000000008000bc8       0xc8 build/kernel/src/idle.o
                0x0000000008000bc8                rt_thread_idle_excute
 .text.rt_thread_idle_entry
                0x0000000008000c90       0x3c build/kernel/src/idle.o
 .text.rt_thread_idle_init
                0x0000000008000ccc       0x74 build/kernel/src/idle.o
                0x0000000008000ccc                rt_thread_idle_init
 .text.rt_list_init
                0x0000000008000d40       0x20 build/kernel/src/ipc.o
 .text.rt_list_insert_before
                0x0000000008000d60       0x30 build/kernel/src/ipc.o
 .text.rt_list_isempty
                0x0000000008000d90       0x22 build/kernel/src/ipc.o
 .text.rt_ipc_object_init
                0x0000000008000db2       0x1c build/kernel/src/ipc.o
 .text.rt_ipc_list_suspend
                0x0000000008000dce       0x8e build/kernel/src/ipc.o
 .text.rt_ipc_list_resume
                0x0000000008000e5c       0x20 build/kernel/src/ipc.o
 .text.rt_sem_init
                0x0000000008000e7c       0x68 build/kernel/src/ipc.o
                0x0000000008000e7c                rt_sem_init
 .text.rt_sem_take
                0x0000000008000ee4      0x160 build/kernel/src/ipc.o
                0x0000000008000ee4                rt_sem_take
 .text.rt_sem_release
                0x0000000008001044       0xa0 build/kernel/src/ipc.o
                0x0000000008001044                rt_sem_release
 .text.rt_interrupt_enter
                0x00000000080010e4       0x40 build/kernel/src/irq.o
                0x00000000080010e4                rt_interrupt_enter
 .text.rt_interrupt_leave
                0x0000000008001124       0x40 build/kernel/src/irq.o
                0x0000000008001124                rt_interrupt_leave
 .text.rt_interrupt_get_nest
                0x0000000008001164       0x28 build/kernel/src/irq.o
                0x0000000008001164                rt_interrupt_get_nest
 .text.rt_set_errno
                0x000000000800118c       0x40 build/kernel/src/kservice.o
                0x000000000800118c                rt_set_errno
 .text.rt_memset
                0x00000000080011cc       0xb4 build/kernel/src/kservice.o
                0x00000000080011cc                memset
                0x00000000080011cc                rt_memset
 .text.rt_memcpy
                0x0000000008001280       0xd0 build/kernel/src/kservice.o
                0x0000000008001280                memcpy
                0x0000000008001280                rt_memcpy
 .text.rt_memmove
                0x0000000008001350       0x80 build/kernel/src/kservice.o
                0x0000000008001350                memmove
                0x0000000008001350                rt_memmove
 .text.rt_memcmp
                0x00000000080013d0       0x56 build/kernel/src/kservice.o
                0x00000000080013d0                memcmp
                0x00000000080013d0                rt_memcmp
 .text.rt_strncpy
                0x0000000008001426       0x62 build/kernel/src/kservice.o
                0x0000000008001426                rt_strncpy
 .text.rt_strncmp
                0x0000000008001488       0x4a build/kernel/src/kservice.o
                0x0000000008001488                rt_strncmp
 .text.rt_strlen
                0x00000000080014d2       0x2c build/kernel/src/kservice.o
                0x00000000080014d2                rt_strlen
                0x00000000080014d2                strlen
 *fill*         0x00000000080014fe        0x2 00000000
 .text.rt_show_version
                0x0000000008001500       0x44 build/kernel/src/kservice.o
                0x0000000008001500                rt_show_version
 .text.divide   0x0000000008001544       0x68 build/kernel/src/kservice.o
 .text.skip_atoi
                0x00000000080015ac       0x40 build/kernel/src/kservice.o
 .text.print_number
                0x00000000080015ec      0x1dc build/kernel/src/kservice.o
 .text.rt_vsnprintf
                0x00000000080017c8      0x548 build/kernel/src/kservice.o
                0x00000000080017c8                rt_vsnprintf
 .text.rt_vsprintf
                0x0000000008001d10       0x24 build/kernel/src/kservice.o
                0x0000000008001d10                vsprintf
                0x0000000008001d10                rt_vsprintf
 .text.rt_sprintf
                0x0000000008001d34       0x2c build/kernel/src/kservice.o
                0x0000000008001d34                rt_sprintf
                0x0000000008001d34                sprintf
 .text.rt_console_get_device
                0x0000000008001d60       0x14 build/kernel/src/kservice.o
                0x0000000008001d60                rt_console_get_device
 .text.rt_console_set_device
                0x0000000008001d74       0x4c build/kernel/src/kservice.o
                0x0000000008001d74                rt_console_set_device
 .text.rt_hw_console_output
                0x0000000008001dc0       0x12 build/kernel/src/kservice.o
                0x0000000008001dc0                rt_hw_console_output
 *fill*         0x0000000008001dd2        0x2 00000000
 .text.rt_kprintf
                0x0000000008001dd4       0x80 build/kernel/src/kservice.o
                0x0000000008001dd4                rt_kprintf
 .text.rt_assert_handler
                0x0000000008001e54       0x4c build/kernel/src/kservice.o
                0x0000000008001e54                rt_assert_handler
 .text.plug_holes
                0x0000000008001ea0      0x104 build/kernel/src/mem.o
 .text.rt_system_heap_init
                0x0000000008001fa4      0x118 build/kernel/src/mem.o
                0x0000000008001fa4                rt_system_heap_init
 .text.rt_malloc
                0x00000000080020bc      0x290 build/kernel/src/mem.o
                0x00000000080020bc                rt_malloc
 .text.rt_calloc
                0x000000000800234c       0x3c build/kernel/src/mem.o
                0x000000000800234c                rt_calloc
 .text.rt_free  0x0000000008002388      0x188 build/kernel/src/mem.o
                0x0000000008002388                rt_free
 .text.list_mem
                0x0000000008002510       0x44 build/kernel/src/mem.o
                0x0000000008002510                list_mem
 .text.rt_list_insert_after
                0x0000000008002554       0x30 build/kernel/src/object.o
 .text.rt_list_remove
                0x0000000008002584       0x34 build/kernel/src/object.o
 .text.rt_object_get_information
                0x00000000080025b8       0x48 build/kernel/src/object.o
                0x00000000080025b8                rt_object_get_information
 .text.rt_object_init
                0x0000000008002600       0xc8 build/kernel/src/object.o
                0x0000000008002600                rt_object_init
 .text.rt_object_detach
                0x00000000080026c8       0x5c build/kernel/src/object.o
                0x00000000080026c8                rt_object_detach
 .text.rt_object_allocate
                0x0000000008002724       0xd8 build/kernel/src/object.o
                0x0000000008002724                rt_object_allocate
 .text.rt_object_delete
                0x00000000080027fc       0x7c build/kernel/src/object.o
                0x00000000080027fc                rt_object_delete
 .text.rt_object_is_systemobject
                0x0000000008002878       0x3c build/kernel/src/object.o
                0x0000000008002878                rt_object_is_systemobject
 .text.rt_object_get_type
                0x00000000080028b4       0x34 build/kernel/src/object.o
                0x00000000080028b4                rt_object_get_type
 .text.rt_list_init
                0x00000000080028e8       0x20 build/kernel/src/scheduler.o
 .text.rt_list_insert_before
                0x0000000008002908       0x30 build/kernel/src/scheduler.o
 .text.rt_list_remove
                0x0000000008002938       0x34 build/kernel/src/scheduler.o
 .text.rt_list_isempty
                0x000000000800296c       0x22 build/kernel/src/scheduler.o
 *fill*         0x000000000800298e        0x2 00000000
 .text._rt_scheduler_stack_check
                0x0000000008002990       0x98 build/kernel/src/scheduler.o
 .text._get_highest_priority_thread
                0x0000000008002a28       0x38 build/kernel/src/scheduler.o
 .text.rt_system_scheduler_init
                0x0000000008002a60       0x40 build/kernel/src/scheduler.o
                0x0000000008002a60                rt_system_scheduler_init
 .text.rt_system_scheduler_start
                0x0000000008002aa0       0x38 build/kernel/src/scheduler.o
                0x0000000008002aa0                rt_system_scheduler_start
 .text.rt_schedule
                0x0000000008002ad8      0x14c build/kernel/src/scheduler.o
                0x0000000008002ad8                rt_schedule
 .text.rt_schedule_insert_thread
                0x0000000008002c24       0xac build/kernel/src/scheduler.o
                0x0000000008002c24                rt_schedule_insert_thread
 .text.rt_schedule_remove_thread
                0x0000000008002cd0       0x70 build/kernel/src/scheduler.o
                0x0000000008002cd0                rt_schedule_remove_thread
 .text.rt_enter_critical
                0x0000000008002d40       0x2c build/kernel/src/scheduler.o
                0x0000000008002d40                rt_enter_critical
 .text.rt_exit_critical
                0x0000000008002d6c       0x54 build/kernel/src/scheduler.o
                0x0000000008002d6c                rt_exit_critical
 .text.rt_list_init
                0x0000000008002dc0       0x20 build/kernel/src/thread.o
 .text.rt_list_insert_after
                0x0000000008002de0       0x30 build/kernel/src/thread.o
 .text.rt_list_remove
                0x0000000008002e10       0x34 build/kernel/src/thread.o
 .text.rt_thread_exit
                0x0000000008002e44       0x68 build/kernel/src/thread.o
                0x0000000008002e44                rt_thread_exit
 .text._rt_thread_init
                0x0000000008002eac       0xf8 build/kernel/src/thread.o
 .text.rt_thread_init
                0x0000000008002fa4       0x6c build/kernel/src/thread.o
                0x0000000008002fa4                rt_thread_init
 .text.rt_thread_self
                0x0000000008003010       0x14 build/kernel/src/thread.o
                0x0000000008003010                rt_thread_self
 .text.rt_thread_startup
                0x0000000008003024       0xa0 build/kernel/src/thread.o
                0x0000000008003024                rt_thread_startup
 .text.rt_thread_create
                0x00000000080030c4       0x62 build/kernel/src/thread.o
                0x00000000080030c4                rt_thread_create
 .text.rt_thread_yield
                0x0000000008003126        0xe build/kernel/src/thread.o
                0x0000000008003126                rt_thread_yield
 .text.rt_thread_sleep
                0x0000000008003134       0x8c build/kernel/src/thread.o
                0x0000000008003134                rt_thread_sleep
 .text.rt_thread_mdelay
                0x00000000080031c0       0x20 build/kernel/src/thread.o
                0x00000000080031c0                rt_thread_mdelay
 .text.rt_thread_suspend
                0x00000000080031e0       0xcc build/kernel/src/thread.o
                0x00000000080031e0                rt_thread_suspend
 .text.rt_thread_resume
                0x00000000080032ac       0x98 build/kernel/src/thread.o
                0x00000000080032ac                rt_thread_resume
 .text.rt_thread_timeout
                0x0000000008003344       0x84 build/kernel/src/thread.o
                0x0000000008003344                rt_thread_timeout
 .text.rt_list_init
                0x00000000080033c8       0x20 build/kernel/src/timer.o
 .text.rt_list_insert_after
                0x00000000080033e8       0x30 build/kernel/src/timer.o
 .text.rt_list_remove
                0x0000000008003418       0x34 build/kernel/src/timer.o
 .text.rt_list_isempty
                0x000000000800344c       0x22 build/kernel/src/timer.o
 .text._rt_timer_init
                0x000000000800346e       0x68 build/kernel/src/timer.o
 .text._rt_timer_remove
                0x00000000080034d6       0x34 build/kernel/src/timer.o
 *fill*         0x000000000800350a        0x2 00000000
 .text.rt_timer_init
                0x000000000800350c       0x48 build/kernel/src/timer.o
                0x000000000800350c                rt_timer_init
 .text.rt_timer_detach
                0x0000000008003554       0x7c build/kernel/src/timer.o
                0x0000000008003554                rt_timer_detach
 .text.rt_timer_start
                0x00000000080035d0      0x1fc build/kernel/src/timer.o
                0x00000000080035d0                rt_timer_start
 .text.rt_timer_stop
                0x00000000080037cc       0x94 build/kernel/src/timer.o
                0x00000000080037cc                rt_timer_stop
 .text.rt_timer_control
                0x0000000008003860       0xa0 build/kernel/src/timer.o
                0x0000000008003860                rt_timer_control
 .text.rt_timer_check
                0x0000000008003900       0xcc build/kernel/src/timer.o
                0x0000000008003900                rt_timer_check
 .text.rt_system_timer_init
                0x00000000080039cc       0x34 build/kernel/src/timer.o
                0x00000000080039cc                rt_system_timer_init
 .text.rt_system_timer_thread_init
                0x0000000008003a00        0xc build/kernel/src/timer.o
                0x0000000008003a00                rt_system_timer_thread_init
 .text.rt_hw_stack_init
                0x0000000008003a0c       0x88 build/kernel/libcpu/arm/cortex-m3/cpuport.o
                0x0000000008003a0c                rt_hw_stack_init
 .text.usage_fault_track
                0x0000000008003a94       0xc4 build/kernel/libcpu/arm/cortex-m3/cpuport.o
 .text.bus_fault_track
                0x0000000008003b58       0xcc build/kernel/libcpu/arm/cortex-m3/cpuport.o
 .text.mem_manage_fault_track
                0x0000000008003c24       0xb4 build/kernel/libcpu/arm/cortex-m3/cpuport.o
 .text.hard_fault_track
                0x0000000008003cd8       0x78 build/kernel/libcpu/arm/cortex-m3/cpuport.o
 .text.rt_hw_hard_fault_exception
                0x0000000008003d50      0x168 build/kernel/libcpu/arm/cortex-m3/cpuport.o
                0x0000000008003d50                rt_hw_hard_fault_exception
 .text.rt_hw_cpu_reset
                0x0000000008003eb8       0x1c build/kernel/libcpu/arm/cortex-m3/cpuport.o
                0x0000000008003eb8                rt_hw_cpu_reset
 .text.__rt_ffs
                0x0000000008003ed4       0x28 build/kernel/libcpu/arm/cortex-m3/cpuport.o
                0x0000000008003ed4                __rt_ffs
 .text._pin_read
                0x0000000008003efc       0x60 build/kernel/components/drivers/misc/pin.o
 .text._pin_write
                0x0000000008003f5c       0x5c build/kernel/components/drivers/misc/pin.o
 .text._pin_control
                0x0000000008003fb8       0x58 build/kernel/components/drivers/misc/pin.o
 .text.rt_device_pin_register
                0x0000000008004010       0x74 build/kernel/components/drivers/misc/pin.o
                0x0000000008004010                rt_device_pin_register
 .text.rt_pin_mode
                0x0000000008004084       0x40 build/kernel/components/drivers/misc/pin.o
                0x0000000008004084                rt_pin_mode
 .text.rt_pin_write
                0x00000000080040c4       0x40 build/kernel/components/drivers/misc/pin.o
                0x00000000080040c4                rt_pin_write
 .text.rt_pin_read
                0x0000000008004104       0x3c build/kernel/components/drivers/misc/pin.o
                0x0000000008004104                rt_pin_read
 .text._serial_poll_rx
                0x0000000008004140       0x74 build/kernel/components/drivers/serial/serial.o
 .text._serial_poll_tx
                0x00000000080041b4       0x7c build/kernel/components/drivers/serial/serial.o
 .text._serial_int_rx
                0x0000000008004230       0xd8 build/kernel/components/drivers/serial/serial.o
 .text._serial_int_tx
                0x0000000008004308       0x90 build/kernel/components/drivers/serial/serial.o
 .text._serial_fifo_calc_recved_len
                0x0000000008004398       0x88 build/kernel/components/drivers/serial/serial.o
 .text.rt_dma_calc_recved_len
                0x0000000008004420       0x18 build/kernel/components/drivers/serial/serial.o
 .text.rt_dma_recv_update_get_index
                0x0000000008004438       0xa4 build/kernel/components/drivers/serial/serial.o
 .text.rt_dma_recv_update_put_index
                0x00000000080044dc      0x10c build/kernel/components/drivers/serial/serial.o
 .text._serial_dma_rx
                0x00000000080045e8      0x198 build/kernel/components/drivers/serial/serial.o
 .text._serial_dma_tx
                0x0000000008004780       0x70 build/kernel/components/drivers/serial/serial.o
 .text.rt_serial_init
                0x00000000080047f0       0x5c build/kernel/components/drivers/serial/serial.o
 .text.rt_serial_open
                0x000000000800484c      0x36c build/kernel/components/drivers/serial/serial.o
 .text.rt_serial_close
                0x0000000008004bb8      0x1a8 build/kernel/components/drivers/serial/serial.o
 .text.rt_serial_read
                0x0000000008004d60       0x84 build/kernel/components/drivers/serial/serial.o
 .text.rt_serial_write
                0x0000000008004de4       0x84 build/kernel/components/drivers/serial/serial.o
 .text.rt_serial_control
                0x0000000008004e68       0xd0 build/kernel/components/drivers/serial/serial.o
 .text.rt_hw_serial_register
                0x0000000008004f38       0x9c build/kernel/components/drivers/serial/serial.o
                0x0000000008004f38                rt_hw_serial_register
 .text.rt_hw_serial_isr
                0x0000000008004fd4      0x260 build/kernel/components/drivers/serial/serial.o
                0x0000000008004fd4                rt_hw_serial_isr
 .text.rt_list_init
                0x0000000008005234       0x20 build/kernel/components/drivers/src/completion.o
 .text.rt_list_insert_before
                0x0000000008005254       0x30 build/kernel/components/drivers/src/completion.o
 .text.rt_list_isempty
                0x0000000008005284       0x22 build/kernel/components/drivers/src/completion.o
 *fill*         0x00000000080052a6        0x2 00000000
 .text.rt_completion_init
                0x00000000080052a8       0x44 build/kernel/components/drivers/src/completion.o
                0x00000000080052a8                rt_completion_init
 .text.rt_completion_wait
                0x00000000080052ec       0xfc build/kernel/components/drivers/src/completion.o
                0x00000000080052ec                rt_completion_wait
 .text.rt_completion_done
                0x00000000080053e8       0x70 build/kernel/components/drivers/src/completion.o
                0x00000000080053e8                rt_completion_done
 .text.rt_list_init
                0x0000000008005458       0x20 build/kernel/components/drivers/src/dataqueue.o
 .text.rt_list_insert_before
                0x0000000008005478       0x30 build/kernel/components/drivers/src/dataqueue.o
 .text.rt_list_isempty
                0x00000000080054a8       0x22 build/kernel/components/drivers/src/dataqueue.o
 *fill*         0x00000000080054ca        0x2 00000000
 .text.rt_data_queue_init
                0x00000000080054cc       0x84 build/kernel/components/drivers/src/dataqueue.o
                0x00000000080054cc                rt_data_queue_init
 .text.rt_data_queue_push
                0x0000000008005550      0x194 build/kernel/components/drivers/src/dataqueue.o
                0x0000000008005550                rt_data_queue_push
 .text.rt_data_queue_pop
                0x00000000080056e4      0x1e8 build/kernel/components/drivers/src/dataqueue.o
                0x00000000080056e4                rt_data_queue_pop
 .text.rt_data_queue_peak
                0x00000000080058cc       0x9c build/kernel/components/drivers/src/dataqueue.o
                0x00000000080058cc                rt_data_queue_peak
 .text.finsh_get_prompt
                0x0000000008005968       0xa0 build/kernel/components/finsh/shell.o
                0x0000000008005968                finsh_get_prompt
 .text.finsh_set_prompt_mode
                0x0000000008005a08       0x48 build/kernel/components/finsh/shell.o
                0x0000000008005a08                finsh_set_prompt_mode
 .text.finsh_getchar
                0x0000000008005a50       0x5c build/kernel/components/finsh/shell.o
 .text.finsh_rx_ind
                0x0000000008005aac       0x3c build/kernel/components/finsh/shell.o
 .text.finsh_set_device
                0x0000000008005ae8       0xd8 build/kernel/components/finsh/shell.o
                0x0000000008005ae8                finsh_set_device
 .text.shell_auto_complete
                0x0000000008005bc0       0x40 build/kernel/components/finsh/shell.o
 .text.shell_handle_history
                0x0000000008005c00       0x34 build/kernel/components/finsh/shell.o
 .text.shell_push_history
                0x0000000008005c34      0x15e build/kernel/components/finsh/shell.o
 *fill*         0x0000000008005d92        0x2 00000000
 .text.finsh_thread_entry
                0x0000000008005d94      0x5d8 build/kernel/components/finsh/shell.o
                0x0000000008005d94                finsh_thread_entry
 .text.finsh_system_function_init
                0x000000000800636c       0x28 build/kernel/components/finsh/shell.o
                0x000000000800636c                finsh_system_function_init
 .text.finsh_system_var_init
                0x0000000008006394       0x28 build/kernel/components/finsh/shell.o
                0x0000000008006394                finsh_system_var_init
 .text.finsh_system_init
                0x00000000080063bc       0xac build/kernel/components/finsh/shell.o
                0x00000000080063bc                finsh_system_init
 .text.rt_list_isempty
                0x0000000008006468       0x22 build/kernel/components/finsh/cmd.o
 .text.rt_list_len
                0x000000000800648a       0x34 build/kernel/components/finsh/cmd.o
 *fill*         0x00000000080064be        0x2 00000000
 .text.hello    0x00000000080064c0       0x14 build/kernel/components/finsh/cmd.o
                0x00000000080064c0                hello
 .text.version  0x00000000080064d4        0xe build/kernel/components/finsh/cmd.o
                0x00000000080064d4                version
 *fill*         0x00000000080064e2        0x2 00000000
 .text.object_split
                0x00000000080064e4       0x28 build/kernel/components/finsh/cmd.o
 .text.list_find_init
                0x000000000800650c       0x46 build/kernel/components/finsh/cmd.o
 .text.list_get_next
                0x0000000008006552       0xc6 build/kernel/components/finsh/cmd.o
 .text.list_thread
                0x0000000008006618      0x208 build/kernel/components/finsh/cmd.o
                0x0000000008006618                list_thread
 .text.show_wait_queue
                0x0000000008006820       0x50 build/kernel/components/finsh/cmd.o
 .text.list_sem
                0x0000000008006870      0x12c build/kernel/components/finsh/cmd.o
                0x0000000008006870                list_sem
 .text.list_event
                0x000000000800699c      0x118 build/kernel/components/finsh/cmd.o
                0x000000000800699c                list_event
 .text.list_mutex
                0x0000000008006ab4       0xe8 build/kernel/components/finsh/cmd.o
                0x0000000008006ab4                list_mutex
 .text.list_mailbox
                0x0000000008006b9c      0x13c build/kernel/components/finsh/cmd.o
                0x0000000008006b9c                list_mailbox
 .text.list_msgqueue
                0x0000000008006cd8      0x12c build/kernel/components/finsh/cmd.o
                0x0000000008006cd8                list_msgqueue
 .text.list_mempool
                0x0000000008006e04      0x128 build/kernel/components/finsh/cmd.o
                0x0000000008006e04                list_mempool
 .text.list_timer
                0x0000000008006f2c      0x108 build/kernel/components/finsh/cmd.o
                0x0000000008006f2c                list_timer
 .text.list_device
                0x0000000008007034       0xf0 build/kernel/components/finsh/cmd.o
                0x0000000008007034                list_device
 .text.list     0x0000000008007124       0x6c build/kernel/components/finsh/cmd.o
                0x0000000008007124                list
 .text.msh_is_used
                0x0000000008007190        0xe build/kernel/components/finsh/msh.o
                0x0000000008007190                msh_is_used
 *fill*         0x000000000800719e        0x2 00000000
 .text.msh_help
                0x00000000080071a0       0x7c build/kernel/components/finsh/msh.o
                0x00000000080071a0                msh_help
 .text.msh_split
                0x000000000800721c      0x170 build/kernel/components/finsh/msh.o
 .text.msh_get_cmd
                0x000000000800738c       0x80 build/kernel/components/finsh/msh.o
 .text._msh_exec_cmd
                0x000000000800740c       0xd4 build/kernel/components/finsh/msh.o
 .text.msh_exec
                0x00000000080074e0       0x84 build/kernel/components/finsh/msh.o
                0x00000000080074e0                msh_exec
 .text.str_common
                0x0000000008007564       0x48 build/kernel/components/finsh/msh.o
 .text.msh_auto_complete
                0x00000000080075ac       0xd0 build/kernel/components/finsh/msh.o
                0x00000000080075ac                msh_auto_complete
 .text.cmd_ps   0x000000000800767c       0x18 build/kernel/components/finsh/msh_cmd.o
                0x000000000800767c                cmd_ps
 .text.cmd_time
                0x0000000008007694       0x16 build/kernel/components/finsh/msh_cmd.o
                0x0000000008007694                cmd_time
 .text.cmd_free
                0x00000000080076aa       0x18 build/kernel/components/finsh/msh_cmd.o
                0x00000000080076aa                cmd_free
 .text.malloc   0x00000000080076c2       0x18 build/kernel/components/libc/compilers/minilibc/stdlib.o
                0x00000000080076c2                malloc
 .text.strncpy  0x00000000080076da       0x20 build/kernel/components/libc/compilers/minilibc/string.o
                0x00000000080076da                strncpy
 .text.strncmp  0x00000000080076fa       0x4a build/kernel/components/libc/compilers/minilibc/string.o
                0x00000000080076fa                strncmp
 .text.SystemInit
                0x0000000008007744       0x68 /home/ldq/rk-linux/rt-thread/bsp/stm32/libraries/STM32F1xx_HAL/CMSIS/Device/ST/STM32F1xx/Source/Templates/system_stm32f1xx.o
                0x0000000008007744                SystemInit
 .text.HAL_DMA_Init
                0x00000000080077ac       0xec /home/ldq/rk-linux/rt-thread/bsp/stm32/libraries/STM32F1xx_HAL/STM32F1xx_HAL_Driver/Src/stm32f1xx_hal_dma.o
                0x00000000080077ac                HAL_DMA_Init
 .text.HAL_DMA_DeInit
                0x0000000008007898       0xf0 /home/ldq/rk-linux/rt-thread/bsp/stm32/libraries/STM32F1xx_HAL/STM32F1xx_HAL_Driver/Src/stm32f1xx_hal_dma.o
                0x0000000008007898                HAL_DMA_DeInit
 .text.HAL_DMA_Start_IT
                0x0000000008007988       0xbe /home/ldq/rk-linux/rt-thread/bsp/stm32/libraries/STM32F1xx_HAL/STM32F1xx_HAL_Driver/Src/stm32f1xx_hal_dma.o
                0x0000000008007988                HAL_DMA_Start_IT
 *fill*         0x0000000008007a46        0x2 00000000
 .text.HAL_DMA_Abort_IT
                0x0000000008007a48      0x210 /home/ldq/rk-linux/rt-thread/bsp/stm32/libraries/STM32F1xx_HAL/STM32F1xx_HAL_Driver/Src/stm32f1xx_hal_dma.o
                0x0000000008007a48                HAL_DMA_Abort_IT
 .text.HAL_DMA_IRQHandler
                0x0000000008007c58      0x478 /home/ldq/rk-linux/rt-thread/bsp/stm32/libraries/STM32F1xx_HAL/STM32F1xx_HAL_Driver/Src/stm32f1xx_hal_dma.o
                0x0000000008007c58                HAL_DMA_IRQHandler
 .text.DMA_SetConfig
                0x00000000080080d0       0x5a /home/ldq/rk-linux/rt-thread/bsp/stm32/libraries/STM32F1xx_HAL/STM32F1xx_HAL_Driver/Src/stm32f1xx_hal_dma.o
 *fill*         0x000000000800812a        0x2 00000000
 .text.NVIC_SetPriorityGrouping
                0x000000000800812c       0x48 /home/ldq/rk-linux/rt-thread/bsp/stm32/libraries/STM32F1xx_HAL/STM32F1xx_HAL_Driver/Src/stm32f1xx_hal_cortex.o
 .text.NVIC_GetPriorityGrouping
                0x0000000008008174       0x1c /home/ldq/rk-linux/rt-thread/bsp/stm32/libraries/STM32F1xx_HAL/STM32F1xx_HAL_Driver/Src/stm32f1xx_hal_cortex.o
 .text.NVIC_EnableIRQ
                0x0000000008008190       0x30 /home/ldq/rk-linux/rt-thread/bsp/stm32/libraries/STM32F1xx_HAL/STM32F1xx_HAL_Driver/Src/stm32f1xx_hal_cortex.o
 .text.NVIC_DisableIRQ
                0x00000000080081c0       0x34 /home/ldq/rk-linux/rt-thread/bsp/stm32/libraries/STM32F1xx_HAL/STM32F1xx_HAL_Driver/Src/stm32f1xx_hal_cortex.o
 .text.NVIC_SetPriority
                0x00000000080081f4       0x54 /home/ldq/rk-linux/rt-thread/bsp/stm32/libraries/STM32F1xx_HAL/STM32F1xx_HAL_Driver/Src/stm32f1xx_hal_cortex.o
 .text.NVIC_EncodePriority
                0x0000000008008248       0x64 /home/ldq/rk-linux/rt-thread/bsp/stm32/libraries/STM32F1xx_HAL/STM32F1xx_HAL_Driver/Src/stm32f1xx_hal_cortex.o
 .text.SysTick_Config
                0x00000000080082ac       0x44 /home/ldq/rk-linux/rt-thread/bsp/stm32/libraries/STM32F1xx_HAL/STM32F1xx_HAL_Driver/Src/stm32f1xx_hal_cortex.o
 .text.HAL_NVIC_SetPriorityGrouping
                0x00000000080082f0       0x16 /home/ldq/rk-linux/rt-thread/bsp/stm32/libraries/STM32F1xx_HAL/STM32F1xx_HAL_Driver/Src/stm32f1xx_hal_cortex.o
                0x00000000080082f0                HAL_NVIC_SetPriorityGrouping
 .text.HAL_NVIC_SetPriority
                0x0000000008008306       0x38 /home/ldq/rk-linux/rt-thread/bsp/stm32/libraries/STM32F1xx_HAL/STM32F1xx_HAL_Driver/Src/stm32f1xx_hal_cortex.o
                0x0000000008008306                HAL_NVIC_SetPriority
 .text.HAL_NVIC_EnableIRQ
                0x000000000800833e       0x1c /home/ldq/rk-linux/rt-thread/bsp/stm32/libraries/STM32F1xx_HAL/STM32F1xx_HAL_Driver/Src/stm32f1xx_hal_cortex.o
                0x000000000800833e                HAL_NVIC_EnableIRQ
 .text.HAL_NVIC_DisableIRQ
                0x000000000800835a       0x1c /home/ldq/rk-linux/rt-thread/bsp/stm32/libraries/STM32F1xx_HAL/STM32F1xx_HAL_Driver/Src/stm32f1xx_hal_cortex.o
                0x000000000800835a                HAL_NVIC_DisableIRQ
 .text.HAL_SYSTICK_Config
                0x0000000008008376       0x18 /home/ldq/rk-linux/rt-thread/bsp/stm32/libraries/STM32F1xx_HAL/STM32F1xx_HAL_Driver/Src/stm32f1xx_hal_cortex.o
                0x0000000008008376                HAL_SYSTICK_Config
 *fill*         0x000000000800838e        0x2 00000000
 .text.HAL_SYSTICK_CLKSourceConfig
                0x0000000008008390       0x38 /home/ldq/rk-linux/rt-thread/bsp/stm32/libraries/STM32F1xx_HAL/STM32F1xx_HAL_Driver/Src/stm32f1xx_hal_cortex.o
                0x0000000008008390                HAL_SYSTICK_CLKSourceConfig
 .text.HAL_RCC_OscConfig
                0x00000000080083c8      0x4c8 /home/ldq/rk-linux/rt-thread/bsp/stm32/libraries/STM32F1xx_HAL/STM32F1xx_HAL_Driver/Src/stm32f1xx_hal_rcc.o
                0x00000000080083c8                HAL_RCC_OscConfig
 .text.HAL_RCC_ClockConfig
                0x0000000008008890      0x218 /home/ldq/rk-linux/rt-thread/bsp/stm32/libraries/STM32F1xx_HAL/STM32F1xx_HAL_Driver/Src/stm32f1xx_hal_rcc.o
                0x0000000008008890                HAL_RCC_ClockConfig
 .text.HAL_RCC_GetSysClockFreq
                0x0000000008008aa8       0xc4 /home/ldq/rk-linux/rt-thread/bsp/stm32/libraries/STM32F1xx_HAL/STM32F1xx_HAL_Driver/Src/stm32f1xx_hal_rcc.o
                0x0000000008008aa8                HAL_RCC_GetSysClockFreq
 .text.HAL_RCC_GetHCLKFreq
                0x0000000008008b6c       0x14 /home/ldq/rk-linux/rt-thread/bsp/stm32/libraries/STM32F1xx_HAL/STM32F1xx_HAL_Driver/Src/stm32f1xx_hal_rcc.o
                0x0000000008008b6c                HAL_RCC_GetHCLKFreq
 .text.HAL_RCC_GetPCLK1Freq
                0x0000000008008b80       0x28 /home/ldq/rk-linux/rt-thread/bsp/stm32/libraries/STM32F1xx_HAL/STM32F1xx_HAL_Driver/Src/stm32f1xx_hal_rcc.o
                0x0000000008008b80                HAL_RCC_GetPCLK1Freq
 .text.HAL_RCC_GetPCLK2Freq
                0x0000000008008ba8       0x28 /home/ldq/rk-linux/rt-thread/bsp/stm32/libraries/STM32F1xx_HAL/STM32F1xx_HAL_Driver/Src/stm32f1xx_hal_rcc.o
                0x0000000008008ba8                HAL_RCC_GetPCLK2Freq
 .text.RCC_Delay
                0x0000000008008bd0       0x3c /home/ldq/rk-linux/rt-thread/bsp/stm32/libraries/STM32F1xx_HAL/STM32F1xx_HAL_Driver/Src/stm32f1xx_hal_rcc.o
 .text.HAL_Init
                0x0000000008008c0c       0x2c /home/ldq/rk-linux/rt-thread/bsp/stm32/libraries/STM32F1xx_HAL/STM32F1xx_HAL_Driver/Src/stm32f1xx_hal.o
                0x0000000008008c0c                HAL_Init
 .text.HAL_IncTick
                0x0000000008008c38       0x24 /home/ldq/rk-linux/rt-thread/bsp/stm32/libraries/STM32F1xx_HAL/STM32F1xx_HAL_Driver/Src/stm32f1xx_hal.o
                0x0000000008008c38                HAL_IncTick
 .text.HAL_GPIO_Init
                0x0000000008008c5c      0x2dc /home/ldq/rk-linux/rt-thread/bsp/stm32/libraries/STM32F1xx_HAL/STM32F1xx_HAL_Driver/Src/stm32f1xx_hal_gpio.o
                0x0000000008008c5c                HAL_GPIO_Init
 .text.HAL_GPIO_DeInit
                0x0000000008008f38      0x1a4 /home/ldq/rk-linux/rt-thread/bsp/stm32/libraries/STM32F1xx_HAL/STM32F1xx_HAL_Driver/Src/stm32f1xx_hal_gpio.o
                0x0000000008008f38                HAL_GPIO_DeInit
 .text.HAL_GPIO_ReadPin
                0x00000000080090dc       0x2e /home/ldq/rk-linux/rt-thread/bsp/stm32/libraries/STM32F1xx_HAL/STM32F1xx_HAL_Driver/Src/stm32f1xx_hal_gpio.o
                0x00000000080090dc                HAL_GPIO_ReadPin
 .text.HAL_GPIO_WritePin
                0x000000000800910a       0x30 /home/ldq/rk-linux/rt-thread/bsp/stm32/libraries/STM32F1xx_HAL/STM32F1xx_HAL_Driver/Src/stm32f1xx_hal_gpio.o
                0x000000000800910a                HAL_GPIO_WritePin
 *fill*         0x000000000800913a        0x2 00000000
 .text.HAL_GPIO_EXTI_IRQHandler
                0x000000000800913c       0x30 /home/ldq/rk-linux/rt-thread/bsp/stm32/libraries/STM32F1xx_HAL/STM32F1xx_HAL_Driver/Src/stm32f1xx_hal_gpio.o
                0x000000000800913c                HAL_GPIO_EXTI_IRQHandler
 .text.HAL_UART_Init
                0x000000000800916c       0x9a /home/ldq/rk-linux/rt-thread/bsp/stm32/libraries/STM32F1xx_HAL/STM32F1xx_HAL_Driver/Src/stm32f1xx_hal_uart.o
                0x000000000800916c                HAL_UART_Init
 *fill*         0x0000000008009206        0x2 00000000
 .text.HAL_UART_Transmit_DMA
                0x0000000008009208       0xd8 /home/ldq/rk-linux/rt-thread/bsp/stm32/libraries/STM32F1xx_HAL/STM32F1xx_HAL_Driver/Src/stm32f1xx_hal_uart.o
                0x0000000008009208                HAL_UART_Transmit_DMA
 .text.HAL_UART_Receive_DMA
                0x00000000080092e0      0x100 /home/ldq/rk-linux/rt-thread/bsp/stm32/libraries/STM32F1xx_HAL/STM32F1xx_HAL_Driver/Src/stm32f1xx_hal_uart.o
                0x00000000080092e0                HAL_UART_Receive_DMA
 .text.HAL_UART_IRQHandler
                0x00000000080093e0      0x1f8 /home/ldq/rk-linux/rt-thread/bsp/stm32/libraries/STM32F1xx_HAL/STM32F1xx_HAL_Driver/Src/stm32f1xx_hal_uart.o
                0x00000000080093e0                HAL_UART_IRQHandler
 .text.HAL_UART_TxHalfCpltCallback
                0x00000000080095d8       0x12 /home/ldq/rk-linux/rt-thread/bsp/stm32/libraries/STM32F1xx_HAL/STM32F1xx_HAL_Driver/Src/stm32f1xx_hal_uart.o
                0x00000000080095d8                HAL_UART_TxHalfCpltCallback
 .text.UART_DMATransmitCplt
                0x00000000080095ea       0x52 /home/ldq/rk-linux/rt-thread/bsp/stm32/libraries/STM32F1xx_HAL/STM32F1xx_HAL_Driver/Src/stm32f1xx_hal_uart.o
 .text.UART_DMATxHalfCplt
                0x000000000800963c       0x1c /home/ldq/rk-linux/rt-thread/bsp/stm32/libraries/STM32F1xx_HAL/STM32F1xx_HAL_Driver/Src/stm32f1xx_hal_uart.o
 .text.UART_DMAReceiveCplt
                0x0000000008009658       0x68 /home/ldq/rk-linux/rt-thread/bsp/stm32/libraries/STM32F1xx_HAL/STM32F1xx_HAL_Driver/Src/stm32f1xx_hal_uart.o
 .text.UART_DMARxHalfCplt
                0x00000000080096c0       0x1c /home/ldq/rk-linux/rt-thread/bsp/stm32/libraries/STM32F1xx_HAL/STM32F1xx_HAL_Driver/Src/stm32f1xx_hal_uart.o
 .text.UART_DMAError
                0x00000000080096dc       0x94 /home/ldq/rk-linux/rt-thread/bsp/stm32/libraries/STM32F1xx_HAL/STM32F1xx_HAL_Driver/Src/stm32f1xx_hal_uart.o
 .text.UART_EndTxTransfer
                0x0000000008009770       0x2a /home/ldq/rk-linux/rt-thread/bsp/stm32/libraries/STM32F1xx_HAL/STM32F1xx_HAL_Driver/Src/stm32f1xx_hal_uart.o
 .text.UART_EndRxTransfer
                0x000000000800979a       0x3a /home/ldq/rk-linux/rt-thread/bsp/stm32/libraries/STM32F1xx_HAL/STM32F1xx_HAL_Driver/Src/stm32f1xx_hal_uart.o
 .text.UART_DMAAbortOnError
                0x00000000080097d4       0x28 /home/ldq/rk-linux/rt-thread/bsp/stm32/libraries/STM32F1xx_HAL/STM32F1xx_HAL_Driver/Src/stm32f1xx_hal_uart.o
 .text.UART_Transmit_IT
                0x00000000080097fc       0xaa /home/ldq/rk-linux/rt-thread/bsp/stm32/libraries/STM32F1xx_HAL/STM32F1xx_HAL_Driver/Src/stm32f1xx_hal_uart.o
 .text.UART_EndTransmit_IT
                0x00000000080098a6       0x30 /home/ldq/rk-linux/rt-thread/bsp/stm32/libraries/STM32F1xx_HAL/STM32F1xx_HAL_Driver/Src/stm32f1xx_hal_uart.o
 .text.UART_Receive_IT
                0x00000000080098d6      0x102 /home/ldq/rk-linux/rt-thread/bsp/stm32/libraries/STM32F1xx_HAL/STM32F1xx_HAL_Driver/Src/stm32f1xx_hal_uart.o
 .text.UART_SetConfig
                0x00000000080099d8      0x230 /home/ldq/rk-linux/rt-thread/bsp/stm32/libraries/STM32F1xx_HAL/STM32F1xx_HAL_Driver/Src/stm32f1xx_hal_uart.o
 .text.get_pin  0x0000000008009c08       0x44 /home/ldq/rk-linux/rt-thread/bsp/stm32/libraries/HAL_Drivers/drv_gpio.o
 .text.stm32_pin_write
                0x0000000008009c4c       0x3c /home/ldq/rk-linux/rt-thread/bsp/stm32/libraries/HAL_Drivers/drv_gpio.o
 .text.stm32_pin_read
                0x0000000008009c88       0x44 /home/ldq/rk-linux/rt-thread/bsp/stm32/libraries/HAL_Drivers/drv_gpio.o
 .text.stm32_pin_mode
                0x0000000008009ccc       0x98 /home/ldq/rk-linux/rt-thread/bsp/stm32/libraries/HAL_Drivers/drv_gpio.o
 .text.bit2bitno
                0x0000000008009d64       0x3c /home/ldq/rk-linux/rt-thread/bsp/stm32/libraries/HAL_Drivers/drv_gpio.o
 .text.get_pin_irq_map
                0x0000000008009da0       0x34 /home/ldq/rk-linux/rt-thread/bsp/stm32/libraries/HAL_Drivers/drv_gpio.o
 .text.stm32_pin_attach_irq
                0x0000000008009dd4      0x148 /home/ldq/rk-linux/rt-thread/bsp/stm32/libraries/HAL_Drivers/drv_gpio.o
 .text.stm32_pin_dettach_irq
                0x0000000008009f1c       0xd0 /home/ldq/rk-linux/rt-thread/bsp/stm32/libraries/HAL_Drivers/drv_gpio.o
 .text.stm32_pin_irq_enable
                0x0000000008009fec      0x1e0 /home/ldq/rk-linux/rt-thread/bsp/stm32/libraries/HAL_Drivers/drv_gpio.o
 .text.pin_irq_hdr
                0x000000000800a1cc       0x54 /home/ldq/rk-linux/rt-thread/bsp/stm32/libraries/HAL_Drivers/drv_gpio.o
 .text.HAL_GPIO_EXTI_Callback
                0x000000000800a220       0x22 /home/ldq/rk-linux/rt-thread/bsp/stm32/libraries/HAL_Drivers/drv_gpio.o
                0x000000000800a220                HAL_GPIO_EXTI_Callback
 .text.EXTI0_IRQHandler
                0x000000000800a242       0x16 /home/ldq/rk-linux/rt-thread/bsp/stm32/libraries/HAL_Drivers/drv_gpio.o
                0x000000000800a242                EXTI0_IRQHandler
 .text.EXTI1_IRQHandler
                0x000000000800a258       0x16 /home/ldq/rk-linux/rt-thread/bsp/stm32/libraries/HAL_Drivers/drv_gpio.o
                0x000000000800a258                EXTI1_IRQHandler
 .text.EXTI2_IRQHandler
                0x000000000800a26e       0x16 /home/ldq/rk-linux/rt-thread/bsp/stm32/libraries/HAL_Drivers/drv_gpio.o
                0x000000000800a26e                EXTI2_IRQHandler
 .text.EXTI3_IRQHandler
                0x000000000800a284       0x16 /home/ldq/rk-linux/rt-thread/bsp/stm32/libraries/HAL_Drivers/drv_gpio.o
                0x000000000800a284                EXTI3_IRQHandler
 .text.EXTI4_IRQHandler
                0x000000000800a29a       0x16 /home/ldq/rk-linux/rt-thread/bsp/stm32/libraries/HAL_Drivers/drv_gpio.o
                0x000000000800a29a                EXTI4_IRQHandler
 .text.EXTI9_5_IRQHandler
                0x000000000800a2b0       0x32 /home/ldq/rk-linux/rt-thread/bsp/stm32/libraries/HAL_Drivers/drv_gpio.o
                0x000000000800a2b0                EXTI9_5_IRQHandler
 .text.EXTI15_10_IRQHandler
                0x000000000800a2e2       0x40 /home/ldq/rk-linux/rt-thread/bsp/stm32/libraries/HAL_Drivers/drv_gpio.o
                0x000000000800a2e2                EXTI15_10_IRQHandler
 *fill*         0x000000000800a322        0x2 00000000
 .text.rt_hw_pin_init
                0x000000000800a324       0xd0 /home/ldq/rk-linux/rt-thread/bsp/stm32/libraries/HAL_Drivers/drv_gpio.o
                0x000000000800a324                rt_hw_pin_init
 .text.NVIC_EnableIRQ
                0x000000000800a3f4       0x30 /home/ldq/rk-linux/rt-thread/bsp/stm32/libraries/HAL_Drivers/drv_usart.o
 .text.NVIC_DisableIRQ
                0x000000000800a424       0x34 /home/ldq/rk-linux/rt-thread/bsp/stm32/libraries/HAL_Drivers/drv_usart.o
 .text.stm32_configure
                0x000000000800a458      0x128 /home/ldq/rk-linux/rt-thread/bsp/stm32/libraries/HAL_Drivers/drv_usart.o
 .text.stm32_control
                0x000000000800a580       0xa8 /home/ldq/rk-linux/rt-thread/bsp/stm32/libraries/HAL_Drivers/drv_usart.o
 .text.stm32_putc
                0x000000000800a628       0x58 /home/ldq/rk-linux/rt-thread/bsp/stm32/libraries/HAL_Drivers/drv_usart.o
 .text.stm32_getc
                0x000000000800a680       0x64 /home/ldq/rk-linux/rt-thread/bsp/stm32/libraries/HAL_Drivers/drv_usart.o
 .text.stm32_dma_transmit
                0x000000000800a6e4       0x78 /home/ldq/rk-linux/rt-thread/bsp/stm32/libraries/HAL_Drivers/drv_usart.o
 .text.uart_isr
                0x000000000800a75c      0x234 /home/ldq/rk-linux/rt-thread/bsp/stm32/libraries/HAL_Drivers/drv_usart.o
 .text.dma_isr  0x000000000800a990       0xcc /home/ldq/rk-linux/rt-thread/bsp/stm32/libraries/HAL_Drivers/drv_usart.o
 .text.USART1_IRQHandler
                0x000000000800aa5c       0x1c /home/ldq/rk-linux/rt-thread/bsp/stm32/libraries/HAL_Drivers/drv_usart.o
                0x000000000800aa5c                USART1_IRQHandler
 .text.DMA1_Channel5_IRQHandler
                0x000000000800aa78       0x1c /home/ldq/rk-linux/rt-thread/bsp/stm32/libraries/HAL_Drivers/drv_usart.o
                0x000000000800aa78                DMA1_Channel5_IRQHandler
 .text.stm32_dma_config
                0x000000000800aa94      0x1e4 /home/ldq/rk-linux/rt-thread/bsp/stm32/libraries/HAL_Drivers/drv_usart.o
 .text.HAL_UART_ErrorCallback
                0x000000000800ac78       0x30 /home/ldq/rk-linux/rt-thread/bsp/stm32/libraries/HAL_Drivers/drv_usart.o
                0x000000000800ac78                HAL_UART_ErrorCallback
 .text.HAL_UART_RxCpltCallback
                0x000000000800aca8       0x38 /home/ldq/rk-linux/rt-thread/bsp/stm32/libraries/HAL_Drivers/drv_usart.o
                0x000000000800aca8                HAL_UART_RxCpltCallback
 .text.HAL_UART_RxHalfCpltCallback
                0x000000000800ace0       0x38 /home/ldq/rk-linux/rt-thread/bsp/stm32/libraries/HAL_Drivers/drv_usart.o
                0x000000000800ace0                HAL_UART_RxHalfCpltCallback
 .text.HAL_UART_TxCpltCallback
                0x000000000800ad18       0x3c /home/ldq/rk-linux/rt-thread/bsp/stm32/libraries/HAL_Drivers/drv_usart.o
                0x000000000800ad18                HAL_UART_TxCpltCallback
 .text.stm32_uart_get_dma_config
                0x000000000800ad54       0x38 /home/ldq/rk-linux/rt-thread/bsp/stm32/libraries/HAL_Drivers/drv_usart.o
 .text.rt_hw_usart_init
                0x000000000800ad8c      0x118 /home/ldq/rk-linux/rt-thread/bsp/stm32/libraries/HAL_Drivers/drv_usart.o
                0x000000000800ad8c                rt_hw_usart_init
 .text.reboot   0x000000000800aea4       0x18 /home/ldq/rk-linux/rt-thread/bsp/stm32/libraries/HAL_Drivers/drv_common.o
 .text.rt_hw_systick_init
                0x000000000800aebc       0x34 /home/ldq/rk-linux/rt-thread/bsp/stm32/libraries/HAL_Drivers/drv_common.o
                0x000000000800aebc                rt_hw_systick_init
 .text.SysTick_Handler
                0x000000000800aef0       0x18 /home/ldq/rk-linux/rt-thread/bsp/stm32/libraries/HAL_Drivers/drv_common.o
                0x000000000800aef0                SysTick_Handler
 .text.HAL_GetTick
                0x000000000800af08       0x24 /home/ldq/rk-linux/rt-thread/bsp/stm32/libraries/HAL_Drivers/drv_common.o
                0x000000000800af08                HAL_GetTick
 .text.HAL_InitTick
                0x000000000800af2c       0x14 /home/ldq/rk-linux/rt-thread/bsp/stm32/libraries/HAL_Drivers/drv_common.o
                0x000000000800af2c                HAL_InitTick
 .text._Error_Handler
                0x000000000800af40        0xc /home/ldq/rk-linux/rt-thread/bsp/stm32/libraries/HAL_Drivers/drv_common.o
                0x000000000800af40                _Error_Handler
 .text.rt_hw_board_init
                0x000000000800af4c       0x3c /home/ldq/rk-linux/rt-thread/bsp/stm32/libraries/HAL_Drivers/drv_common.o
                0x000000000800af4c                rt_hw_board_init
 .text.startup.register_fini
                0x000000000800af88       0x14 /home/ldq/rk-linux/prebuilts/gcc-arm-none-eabi-7-2018-q2-update/bin/../lib/gcc/arm-none-eabi/7.3.1/../../../../arm-none-eabi/lib/thumb/v7-m/libc.a(lib_a-__call_atexit.o)
 .text.atexit   0x000000000800af9c        0xc /home/ldq/rk-linux/prebuilts/gcc-arm-none-eabi-7-2018-q2-update/bin/../lib/gcc/arm-none-eabi/7.3.1/../../../../arm-none-eabi/lib/thumb/v7-m/libc.a(lib_a-atexit.o)
                0x000000000800af9c                atexit
 .text.__libc_fini_array
                0x000000000800afa8       0x34 /home/ldq/rk-linux/prebuilts/gcc-arm-none-eabi-7-2018-q2-update/bin/../lib/gcc/arm-none-eabi/7.3.1/../../../../arm-none-eabi/lib/thumb/v7-m/libc.a(lib_a-fini.o)
                0x000000000800afa8                __libc_fini_array
 .text.__retarget_lock_acquire_recursive
                0x000000000800afdc        0x4 /home/ldq/rk-linux/prebuilts/gcc-arm-none-eabi-7-2018-q2-update/bin/../lib/gcc/arm-none-eabi/7.3.1/../../../../arm-none-eabi/lib/thumb/v7-m/libc.a(lib_a-lock.o)
                0x000000000800afdc                __retarget_lock_acquire_recursive
 .text.__retarget_lock_release_recursive
                0x000000000800afe0        0x4 /home/ldq/rk-linux/prebuilts/gcc-arm-none-eabi-7-2018-q2-update/bin/../lib/gcc/arm-none-eabi/7.3.1/../../../../arm-none-eabi/lib/thumb/v7-m/libc.a(lib_a-lock.o)
                0x000000000800afe0                __retarget_lock_release_recursive
 .text.__register_exitproc
                0x000000000800afe4       0xc0 /home/ldq/rk-linux/prebuilts/gcc-arm-none-eabi-7-2018-q2-update/bin/../lib/gcc/arm-none-eabi/7.3.1/../../../../arm-none-eabi/lib/thumb/v7-m/libc.a(lib_a-__atexit.o)
                0x000000000800afe4                __register_exitproc
 *(.rodata)
 .rodata        0x000000000800b0a4        0xe build/board/board.o
 *fill*         0x000000000800b0b2        0x2 00000000
 .rodata        0x000000000800b0b4       0x17 build/kernel/src/components.o
 *fill*         0x000000000800b0cb        0x1 00000000
 .rodata        0x000000000800b0cc      0x10c build/kernel/src/device.o
 .rodata        0x000000000800b1d8       0x34 build/kernel/src/idle.o
 .rodata        0x000000000800b20c      0x476 build/kernel/src/ipc.o
 *fill*         0x000000000800b682        0x2 00000000
 .rodata        0x000000000800b684       0xc7 build/kernel/src/kservice.o
 *fill*         0x000000000800b74b        0x1 00000000
 .rodata        0x000000000800b74c      0x2fa build/kernel/src/mem.o
 *fill*         0x000000000800ba46        0x2 00000000
 .rodata        0x000000000800ba48       0x91 build/kernel/src/object.o
 *fill*         0x000000000800bad9        0x3 00000000
 .rodata        0x000000000800badc       0x65 build/kernel/src/scheduler.o
 *fill*         0x000000000800bb41        0x3 00000000
 .rodata        0x000000000800bb44      0x1a7 build/kernel/src/thread.o
 *fill*         0x000000000800bceb        0x1 00000000
 .rodata        0x000000000800bcec       0xd7 build/kernel/src/timer.o
 *fill*         0x000000000800bdc3        0x1 00000000
 .rodata        0x000000000800bdc4      0x2be build/kernel/libcpu/arm/cortex-m3/cpuport.o
 *fill*         0x000000000800c082        0x2 00000000
 .rodata        0x000000000800c084       0x27 build/kernel/components/drivers/misc/pin.o
 *fill*         0x000000000800c0ab        0x1 00000000
 .rodata        0x000000000800c0ac      0x126 build/kernel/components/drivers/serial/serial.o
 *fill*         0x000000000800c1d2        0x2 00000000
 .rodata        0x000000000800c1d4       0x72 build/kernel/components/drivers/src/completion.o
 *fill*         0x000000000800c246        0x2 00000000
 .rodata        0x000000000800c248       0x64 build/kernel/components/drivers/src/dataqueue.o
 .rodata        0x000000000800c2ac       0x99 build/kernel/components/finsh/shell.o
 *fill*         0x000000000800c345        0x3 00000000
 .rodata        0x000000000800c348      0x631 build/kernel/components/finsh/cmd.o
 *fill*         0x000000000800c979        0x3 00000000
 .rodata        0x000000000800c97c       0x80 build/kernel/components/finsh/msh.o
 .rodata        0x000000000800c9fc       0x12 /home/ldq/rk-linux/rt-thread/bsp/stm32/libraries/STM32F1xx_HAL/STM32F1xx_HAL_Driver/Src/stm32f1xx_hal_rcc.o
 *fill*         0x000000000800ca0e        0x2 00000000
 .rodata        0x000000000800ca10        0x4 /home/ldq/rk-linux/rt-thread/bsp/stm32/libraries/HAL_Drivers/drv_gpio.o
 .rodata        0x000000000800ca14       0x6c /home/ldq/rk-linux/rt-thread/bsp/stm32/libraries/HAL_Drivers/drv_usart.o
 .rodata        0x000000000800ca80        0x6 /home/ldq/rk-linux/rt-thread/bsp/stm32/libraries/HAL_Drivers/drv_common.o
 *(.rodata*)
 *fill*         0x000000000800ca86        0x2 00000000
 .rodata.__FUNCTION__.5230
                0x000000000800ca88       0x14 build/kernel/src/components.o
 .rodata.__FUNCTION__.5120
                0x000000000800ca9c        0xf build/kernel/src/device.o
 *fill*         0x000000000800caab        0x1 00000000
 .rodata.__FUNCTION__.5144
                0x000000000800caac        0xf build/kernel/src/device.o
 *fill*         0x000000000800cabb        0x1 00000000
 .rodata.__FUNCTION__.5149
                0x000000000800cabc       0x10 build/kernel/src/device.o
 .rodata.__FUNCTION__.5156
                0x000000000800cacc        0xf build/kernel/src/device.o
 *fill*         0x000000000800cadb        0x1 00000000
 .rodata.__FUNCTION__.5163
                0x000000000800cadc       0x10 build/kernel/src/device.o
 .rodata.__FUNCTION__.5176
                0x000000000800caec       0x1a build/kernel/src/device.o
 *fill*         0x000000000800cb06        0x2 00000000
 .rodata.__FUNCTION__.5210
                0x000000000800cb08       0x16 build/kernel/src/idle.o
 *fill*         0x000000000800cb1e        0x2 00000000
 .rodata.__FUNCTION__.5216
                0x000000000800cb20        0xc build/kernel/src/ipc.o
 .rodata.__FUNCTION__.5240
                0x000000000800cb2c        0xc build/kernel/src/ipc.o
 .rodata.__FUNCTION__.5251
                0x000000000800cb38        0xf build/kernel/src/ipc.o
 *fill*         0x000000000800cb47        0x1 00000000
 .rodata.large_digits.5350
                0x000000000800cb48       0x11 build/kernel/src/kservice.o
 *fill*         0x000000000800cb59        0x3 00000000
 .rodata.small_digits.5349
                0x000000000800cb5c       0x11 build/kernel/src/kservice.o
 *fill*         0x000000000800cb6d        0x3 00000000
 .rodata.name   0x000000000800cb70       0x2a build/kernel/src/mem.o
                0x000000000800cb70                __fsym_list_mem_name
                0x000000000800cb7c                __fsym_list_mem_desc
 *fill*         0x000000000800cb9a        0x2 00000000
 .rodata.__FUNCTION__.5207
                0x000000000800cb9c        0xb build/kernel/src/mem.o
 *fill*         0x000000000800cba7        0x1 00000000
 .rodata.__FUNCTION__.5216
                0x000000000800cba8       0x14 build/kernel/src/mem.o
 .rodata.__FUNCTION__.5225
                0x000000000800cbbc        0xa build/kernel/src/mem.o
 *fill*         0x000000000800cbc6        0x2 00000000
 .rodata.__FUNCTION__.5254
                0x000000000800cbc8        0x8 build/kernel/src/mem.o
 .rodata.__FUNCTION__.5236
                0x000000000800cbd0        0xf build/kernel/src/object.o
 *fill*         0x000000000800cbdf        0x1 00000000
 .rodata.__FUNCTION__.5245
                0x000000000800cbe0       0x11 build/kernel/src/object.o
 *fill*         0x000000000800cbf1        0x3 00000000
 .rodata.__FUNCTION__.5254
                0x000000000800cbf4       0x13 build/kernel/src/object.o
 *fill*         0x000000000800cc07        0x1 00000000
 .rodata.__FUNCTION__.5259
                0x000000000800cc08       0x11 build/kernel/src/object.o
 *fill*         0x000000000800cc19        0x3 00000000
 .rodata.__FUNCTION__.5263
                0x000000000800cc1c       0x1a build/kernel/src/object.o
 *fill*         0x000000000800cc36        0x2 00000000
 .rodata.__FUNCTION__.5267
                0x000000000800cc38       0x13 build/kernel/src/object.o
 *fill*         0x000000000800cc4b        0x1 00000000
 .rodata.__FUNCTION__.5194
                0x000000000800cc4c       0x1a build/kernel/src/scheduler.o
 *fill*         0x000000000800cc66        0x2 00000000
 .rodata.__FUNCTION__.5235
                0x000000000800cc68       0x1a build/kernel/src/scheduler.o
 *fill*         0x000000000800cc82        0x2 00000000
 .rodata.__FUNCTION__.5241
                0x000000000800cc84       0x1a build/kernel/src/scheduler.o
 *fill*         0x000000000800cc9e        0x2 00000000
 .rodata.__FUNCTION__.5211
                0x000000000800cca0       0x10 build/kernel/src/thread.o
 .rodata.__FUNCTION__.5223
                0x000000000800ccb0        0xf build/kernel/src/thread.o
 *fill*         0x000000000800ccbf        0x1 00000000
 .rodata.__FUNCTION__.5232
                0x000000000800ccc0       0x12 build/kernel/src/thread.o
 *fill*         0x000000000800ccd2        0x2 00000000
 .rodata.__FUNCTION__.5262
                0x000000000800ccd4       0x10 build/kernel/src/thread.o
 .rodata.__FUNCTION__.5287
                0x000000000800cce4       0x12 build/kernel/src/thread.o
 *fill*         0x000000000800ccf6        0x2 00000000
 .rodata.__FUNCTION__.5292
                0x000000000800ccf8       0x11 build/kernel/src/thread.o
 *fill*         0x000000000800cd09        0x3 00000000
 .rodata.__FUNCTION__.5297
                0x000000000800cd0c       0x12 build/kernel/src/thread.o
 *fill*         0x000000000800cd1e        0x2 00000000
 .rodata.__FUNCTION__.5225
                0x000000000800cd20        0xe build/kernel/src/timer.o
 *fill*         0x000000000800cd2e        0x2 00000000
 .rodata.__FUNCTION__.5230
                0x000000000800cd30       0x10 build/kernel/src/timer.o
 .rodata.__FUNCTION__.5254
                0x000000000800cd40        0xf build/kernel/src/timer.o
 *fill*         0x000000000800cd4f        0x1 00000000
 .rodata.__FUNCTION__.5271
                0x000000000800cd50        0xe build/kernel/src/timer.o
 *fill*         0x000000000800cd5e        0x2 00000000
 .rodata.__FUNCTION__.5277
                0x000000000800cd60       0x11 build/kernel/src/timer.o
 *fill*         0x000000000800cd71        0x3 00000000
 .rodata.name   0x000000000800cd74       0x6e build/kernel/components/drivers/misc/pin.o
                0x000000000800cd74                __fsym_pinMode_name
                0x000000000800cd7c                __fsym_pinMode_desc
                0x000000000800cd94                __fsym_pinWrite_name
                0x000000000800cda0                __fsym_pinWrite_desc
                0x000000000800cdbc                __fsym_pinRead_name
                0x000000000800cdc4                __fsym_pinRead_desc
 *fill*         0x000000000800cde2        0x2 00000000
 .rodata.__FUNCTION__.5722
                0x000000000800cde4        0xa build/kernel/components/drivers/misc/pin.o
 *fill*         0x000000000800cdee        0x2 00000000
 .rodata.__FUNCTION__.5731
                0x000000000800cdf0        0xb build/kernel/components/drivers/misc/pin.o
 *fill*         0x000000000800cdfb        0x1 00000000
 .rodata.__FUNCTION__.5739
                0x000000000800cdfc        0xd build/kernel/components/drivers/misc/pin.o
 *fill*         0x000000000800ce09        0x3 00000000
 .rodata.__FUNCTION__.5766
                0x000000000800ce0c        0xc build/kernel/components/drivers/misc/pin.o
 .rodata.__FUNCTION__.5774
                0x000000000800ce18        0xd build/kernel/components/drivers/misc/pin.o
 *fill*         0x000000000800ce25        0x3 00000000
 .rodata.__FUNCTION__.5781
                0x000000000800ce28        0xc build/kernel/components/drivers/misc/pin.o
 .rodata.__FUNCTION__.5612
                0x000000000800ce34       0x1d build/kernel/components/drivers/serial/serial.o
 *fill*         0x000000000800ce51        0x3 00000000
 .rodata.__FUNCTION__.5621
                0x000000000800ce54       0x1d build/kernel/components/drivers/serial/serial.o
 *fill*         0x000000000800ce71        0x3 00000000
 .rodata.__FUNCTION__.5627
                0x000000000800ce74       0x1d build/kernel/components/drivers/serial/serial.o
 *fill*         0x000000000800ce91        0x3 00000000
 .rodata.__FUNCTION__.5653
                0x000000000800ce94        0xf build/kernel/components/drivers/serial/serial.o
 *fill*         0x000000000800cea3        0x1 00000000
 .rodata.__FUNCTION__.5660
                0x000000000800cea4        0xf build/kernel/components/drivers/serial/serial.o
 *fill*         0x000000000800ceb3        0x1 00000000
 .rodata.__FUNCTION__.5670
                0x000000000800ceb4       0x10 build/kernel/components/drivers/serial/serial.o
 .rodata.__FUNCTION__.5683
                0x000000000800cec4        0xf build/kernel/components/drivers/serial/serial.o
 *fill*         0x000000000800ced3        0x1 00000000
 .rodata.__FUNCTION__.5591
                0x000000000800ced4        0xf build/kernel/components/drivers/serial/serial.o
 *fill*         0x000000000800cee3        0x1 00000000
 .rodata.__FUNCTION__.5634
                0x000000000800cee4        0xf build/kernel/components/drivers/serial/serial.o
 *fill*         0x000000000800cef3        0x1 00000000
 .rodata.__FUNCTION__.5570
                0x000000000800cef4       0x10 build/kernel/components/drivers/serial/serial.o
 .rodata.__FUNCTION__.5691
                0x000000000800cf04       0x10 build/kernel/components/drivers/serial/serial.o
 .rodata.__FUNCTION__.5604
                0x000000000800cf14        0xf build/kernel/components/drivers/serial/serial.o
 *fill*         0x000000000800cf23        0x1 00000000
 .rodata.__FUNCTION__.5580
                0x000000000800cf24       0x10 build/kernel/components/drivers/serial/serial.o
 .rodata.__FUNCTION__.5699
                0x000000000800cf34       0x12 build/kernel/components/drivers/serial/serial.o
 *fill*         0x000000000800cf46        0x2 00000000
 .rodata.__FUNCTION__.5714
                0x000000000800cf48       0x16 build/kernel/components/drivers/serial/serial.o
 *fill*         0x000000000800cf5e        0x2 00000000
 .rodata.__FUNCTION__.5723
                0x000000000800cf60       0x11 build/kernel/components/drivers/serial/serial.o
 *fill*         0x000000000800cf71        0x3 00000000
 .rodata.__FUNCTION__.5567
                0x000000000800cf74       0x13 build/kernel/components/drivers/src/completion.o
 *fill*         0x000000000800cf87        0x1 00000000
 .rodata.__FUNCTION__.5575
                0x000000000800cf88       0x13 build/kernel/components/drivers/src/completion.o
 *fill*         0x000000000800cf9b        0x1 00000000
 .rodata.__FUNCTION__.5582
                0x000000000800cf9c       0x13 build/kernel/components/drivers/src/completion.o
 *fill*         0x000000000800cfaf        0x1 00000000
 .rodata.__FUNCTION__.5573
                0x000000000800cfb0       0x13 build/kernel/components/drivers/src/dataqueue.o
 *fill*         0x000000000800cfc3        0x1 00000000
 .rodata.__FUNCTION__.5583
                0x000000000800cfc4       0x13 build/kernel/components/drivers/src/dataqueue.o
 *fill*         0x000000000800cfd7        0x1 00000000
 .rodata.__FUNCTION__.5598
                0x000000000800cfd8       0x12 build/kernel/components/drivers/src/dataqueue.o
 *fill*         0x000000000800cfea        0x2 00000000
 .rodata.__FUNCTION__.5610
                0x000000000800cfec       0x13 build/kernel/components/drivers/src/dataqueue.o
 *fill*         0x000000000800cfff        0x1 00000000
 .rodata.__FUNCTION__.5463
                0x000000000800d000       0x16 build/kernel/components/finsh/shell.o
 *fill*         0x000000000800d016        0x2 00000000
 .rodata.__FUNCTION__.5468
                0x000000000800d018        0xe build/kernel/components/finsh/shell.o
 *fill*         0x000000000800d026        0x2 00000000
 .rodata.__FUNCTION__.5476
                0x000000000800d028        0xd build/kernel/components/finsh/shell.o
 *fill*         0x000000000800d035        0x3 00000000
 .rodata.__FUNCTION__.5481
                0x000000000800d038       0x11 build/kernel/components/finsh/shell.o
 *fill*         0x000000000800d049        0x3 00000000
 .rodata.name   0x000000000800d04c      0x37a build/kernel/components/finsh/cmd.o
                0x000000000800d04c                __fsym_hello_name
                0x000000000800d054                __fsym_hello_desc
                0x000000000800d064                __fsym_version_name
                0x000000000800d06c                __fsym_version_desc
                0x000000000800d090                __fsym___cmd_version_name
                0x000000000800d0a0                __fsym___cmd_version_desc
                0x000000000800d0c4                __fsym_list_thread_name
                0x000000000800d0d0                __fsym_list_thread_desc
                0x000000000800d0dc                __fsym___cmd_list_thread_name
                0x000000000800d0f0                __fsym___cmd_list_thread_desc
                0x000000000800d0fc                __fsym_list_sem_name
                0x000000000800d108                __fsym_list_sem_desc
                0x000000000800d124                __fsym___cmd_list_sem_name
                0x000000000800d134                __fsym___cmd_list_sem_desc
                0x000000000800d150                __fsym_list_event_name
                0x000000000800d15c                __fsym_list_event_desc
                0x000000000800d174                __fsym___cmd_list_event_name
                0x000000000800d188                __fsym___cmd_list_event_desc
                0x000000000800d1a0                __fsym_list_mutex_name
                0x000000000800d1ac                __fsym_list_mutex_desc
                0x000000000800d1c4                __fsym___cmd_list_mutex_name
                0x000000000800d1d8                __fsym___cmd_list_mutex_desc
                0x000000000800d1f0                __fsym_list_mailbox_name
                0x000000000800d200                __fsym_list_mailbox_desc
                0x000000000800d218                __fsym___cmd_list_mailbox_name
                0x000000000800d22c                __fsym___cmd_list_mailbox_desc
                0x000000000800d244                __fsym_list_msgqueue_name
                0x000000000800d254                __fsym_list_msgqueue_desc
                0x000000000800d274                __fsym___cmd_list_msgqueue_name
                0x000000000800d288                __fsym___cmd_list_msgqueue_desc
                0x000000000800d2a8                __fsym_list_mempool_name
                0x000000000800d2b8                __fsym_list_mempool_desc
                0x000000000800d2d4                __fsym___cmd_list_mempool_name
                0x000000000800d2e8                __fsym___cmd_list_mempool_desc
                0x000000000800d304                __fsym_list_timer_name
                0x000000000800d310                __fsym_list_timer_desc
                0x000000000800d328                __fsym___cmd_list_timer_name
                0x000000000800d33c                __fsym___cmd_list_timer_desc
                0x000000000800d354                __fsym_list_device_name
                0x000000000800d360                __fsym_list_device_desc
                0x000000000800d378                __fsym___cmd_list_device_name
                0x000000000800d38c                __fsym___cmd_list_device_desc
                0x000000000800d3a4                __fsym_list_name
                0x000000000800d3ac                __fsym_list_desc
 *fill*         0x000000000800d3c6        0x2 00000000
 .rodata.device_type_str
                0x000000000800d3c8       0x58 build/kernel/components/finsh/cmd.o
 .rodata.name   0x000000000800d420       0x22 build/kernel/components/finsh/msh.o
                0x000000000800d420                __fsym___cmd_help_name
                0x000000000800d42c                __fsym___cmd_help_desc
 *fill*         0x000000000800d442        0x2 00000000
 .rodata.__FUNCTION__.5435
                0x000000000800d444        0xe build/kernel/components/finsh/msh.o
 *fill*         0x000000000800d452        0x2 00000000
 .rodata.name   0x000000000800d454       0x81 build/kernel/components/finsh/msh_cmd.o
                0x000000000800d454                __fsym___cmd_ps_name
                0x000000000800d460                __fsym___cmd_ps_desc
                0x000000000800d47c                __fsym___cmd_time_name
                0x000000000800d488                __fsym___cmd_time_desc
                0x000000000800d4a4                __fsym___cmd_free_name
                0x000000000800d4b0                __fsym___cmd_free_desc
 *fill*         0x000000000800d4d5        0x3 00000000
 .rodata.AHBPrescTable
                0x000000000800d4d8       0x10 /home/ldq/rk-linux/rt-thread/bsp/stm32/libraries/STM32F1xx_HAL/CMSIS/Device/ST/STM32F1xx/Source/Templates/system_stm32f1xx.o
                0x000000000800d4d8                AHBPrescTable
 .rodata.APBPrescTable
                0x000000000800d4e8        0x8 /home/ldq/rk-linux/rt-thread/bsp/stm32/libraries/STM32F1xx_HAL/CMSIS/Device/ST/STM32F1xx/Source/Templates/system_stm32f1xx.o
                0x000000000800d4e8                APBPrescTable
 .rodata.pins   0x000000000800d4f0      0x540 /home/ldq/rk-linux/rt-thread/bsp/stm32/libraries/HAL_Drivers/drv_gpio.o
 .rodata.pin_irq_map
                0x000000000800da30       0x40 /home/ldq/rk-linux/rt-thread/bsp/stm32/libraries/HAL_Drivers/drv_gpio.o
 .rodata._stm32_pin_ops
                0x000000000800da70       0x18 /home/ldq/rk-linux/rt-thread/bsp/stm32/libraries/HAL_Drivers/drv_gpio.o
 .rodata.stm32_uart_ops
                0x000000000800da88       0x14 /home/ldq/rk-linux/rt-thread/bsp/stm32/libraries/HAL_Drivers/drv_usart.o
 .rodata.__FUNCTION__.7024
                0x000000000800da9c       0x10 /home/ldq/rk-linux/rt-thread/bsp/stm32/libraries/HAL_Drivers/drv_usart.o
 .rodata.__FUNCTION__.7045
                0x000000000800daac        0xe /home/ldq/rk-linux/rt-thread/bsp/stm32/libraries/HAL_Drivers/drv_usart.o
 *fill*         0x000000000800daba        0x2 00000000
 .rodata.__FUNCTION__.7055
                0x000000000800dabc        0xb /home/ldq/rk-linux/rt-thread/bsp/stm32/libraries/HAL_Drivers/drv_usart.o
 *fill*         0x000000000800dac7        0x1 00000000
 .rodata.__FUNCTION__.7064
                0x000000000800dac8        0xb /home/ldq/rk-linux/rt-thread/bsp/stm32/libraries/HAL_Drivers/drv_usart.o
 *fill*         0x000000000800dad3        0x1 00000000
 .rodata.__FUNCTION__.7072
                0x000000000800dad4       0x13 /home/ldq/rk-linux/rt-thread/bsp/stm32/libraries/HAL_Drivers/drv_usart.o
 *fill*         0x000000000800dae7        0x1 00000000
 .rodata.__FUNCTION__.7081
                0x000000000800dae8        0x9 /home/ldq/rk-linux/rt-thread/bsp/stm32/libraries/HAL_Drivers/drv_usart.o
 *fill*         0x000000000800daf1        0x3 00000000
 .rodata.__FUNCTION__.7094
                0x000000000800daf4        0x8 /home/ldq/rk-linux/rt-thread/bsp/stm32/libraries/HAL_Drivers/drv_usart.o
 .rodata.__FUNCTION__.7109
                0x000000000800dafc       0x11 /home/ldq/rk-linux/rt-thread/bsp/stm32/libraries/HAL_Drivers/drv_usart.o
 *fill*         0x000000000800db0d        0x3 00000000
 .rodata.__FUNCTION__.7114
                0x000000000800db10       0x17 /home/ldq/rk-linux/rt-thread/bsp/stm32/libraries/HAL_Drivers/drv_usart.o
 *fill*         0x000000000800db27        0x1 00000000
 .rodata.__FUNCTION__.7120
                0x000000000800db28       0x18 /home/ldq/rk-linux/rt-thread/bsp/stm32/libraries/HAL_Drivers/drv_usart.o
 .rodata.__FUNCTION__.7125
                0x000000000800db40       0x1c /home/ldq/rk-linux/rt-thread/bsp/stm32/libraries/HAL_Drivers/drv_usart.o
 .rodata.__FUNCTION__.7130
                0x000000000800db5c       0x18 /home/ldq/rk-linux/rt-thread/bsp/stm32/libraries/HAL_Drivers/drv_usart.o
 .rodata.__FUNCTION__.7142
                0x000000000800db74       0x11 /home/ldq/rk-linux/rt-thread/bsp/stm32/libraries/HAL_Drivers/drv_usart.o
 *fill*         0x000000000800db85        0x3 00000000
 .rodata.name   0x000000000800db88       0x1e /home/ldq/rk-linux/rt-thread/bsp/stm32/libraries/HAL_Drivers/drv_common.o
                0x000000000800db88                __fsym___cmd_reboot_name
                0x000000000800db98                __fsym___cmd_reboot_desc
 *fill*         0x000000000800dba6        0x2 00000000
 .rodata._global_impure_ptr
                0x000000000800dba8        0x4 /home/ldq/rk-linux/prebuilts/gcc-arm-none-eabi-7-2018-q2-update/bin/../lib/gcc/arm-none-eabi/7.3.1/../../../../arm-none-eabi/lib/thumb/v7-m/libc.a(lib_a-impure.o)
                0x000000000800dba8                _global_impure_ptr
 *(.glue_7)
 .glue_7        0x000000000800dbac        0x0 linker stubs
 *(.glue_7t)
 .glue_7t       0x000000000800dbac        0x0 linker stubs
 *(.gnu.linkonce.t*)
                0x000000000800dbac                . = ALIGN (0x4)
                0x000000000800dbac                __fsymtab_start = .
 *(FSymTab)
 FSymTab        0x000000000800dbac        0xc build/kernel/src/mem.o
                0x000000000800dbac                __fsym_list_mem
 FSymTab        0x000000000800dbb8       0x24 build/kernel/components/drivers/misc/pin.o
                0x000000000800dbb8                __fsym_pinMode
                0x000000000800dbc4                __fsym_pinWrite
                0x000000000800dbd0                __fsym_pinRead
 FSymTab        0x000000000800dbdc      0x108 build/kernel/components/finsh/cmd.o
                0x000000000800dbdc                __fsym_hello
                0x000000000800dbe8                __fsym_version
                0x000000000800dbf4                __fsym___cmd_version
                0x000000000800dc00                __fsym_list_thread
                0x000000000800dc0c                __fsym___cmd_list_thread
                0x000000000800dc18                __fsym_list_sem
                0x000000000800dc24                __fsym___cmd_list_sem
                0x000000000800dc30                __fsym_list_event
                0x000000000800dc3c                __fsym___cmd_list_event
                0x000000000800dc48                __fsym_list_mutex
                0x000000000800dc54                __fsym___cmd_list_mutex
                0x000000000800dc60                __fsym_list_mailbox
                0x000000000800dc6c                __fsym___cmd_list_mailbox
                0x000000000800dc78                __fsym_list_msgqueue
                0x000000000800dc84                __fsym___cmd_list_msgqueue
                0x000000000800dc90                __fsym_list_mempool
                0x000000000800dc9c                __fsym___cmd_list_mempool
                0x000000000800dca8                __fsym_list_timer
                0x000000000800dcb4                __fsym___cmd_list_timer
                0x000000000800dcc0                __fsym_list_device
                0x000000000800dccc                __fsym___cmd_list_device
                0x000000000800dcd8                __fsym_list
 FSymTab        0x000000000800dce4        0xc build/kernel/components/finsh/msh.o
                0x000000000800dce4                __fsym___cmd_help
 FSymTab        0x000000000800dcf0       0x24 build/kernel/components/finsh/msh_cmd.o
                0x000000000800dcf0                __fsym___cmd_ps
                0x000000000800dcfc                __fsym___cmd_time
                0x000000000800dd08                __fsym___cmd_free
 FSymTab        0x000000000800dd14        0xc /home/ldq/rk-linux/rt-thread/bsp/stm32/libraries/HAL_Drivers/drv_common.o
                0x000000000800dd14                __fsym___cmd_reboot
                0x000000000800dd20                __fsymtab_end = .
                0x000000000800dd20                . = ALIGN (0x4)
                0x000000000800dd20                __vsymtab_start = .
 *(VSymTab)
                0x000000000800dd20                __vsymtab_end = .
                0x000000000800dd20                . = ALIGN (0x4)
                0x000000000800dd20                __rt_init_start = .
 *(SORT_BY_NAME(.rti_fn*))
 .rti_fn.0      0x000000000800dd20        0x4 build/kernel/src/components.o
                0x000000000800dd20                __rt_init_rti_start
 .rti_fn.0.end  0x000000000800dd24        0x4 build/kernel/src/components.o
                0x000000000800dd24                __rt_init_rti_board_start
 .rti_fn.1.end  0x000000000800dd28        0x4 build/kernel/src/components.o
                0x000000000800dd28                __rt_init_rti_board_end
 .rti_fn.6      0x000000000800dd2c        0x4 build/kernel/components/finsh/shell.o
                0x000000000800dd2c                __rt_init_finsh_system_init
 .rti_fn.6.end  0x000000000800dd30        0x4 build/kernel/src/components.o
                0x000000000800dd30                __rt_init_rti_end
                0x000000000800dd34                __rt_init_end = .
                0x000000000800dd34                . = ALIGN (0x4)
                [!provide]                        PROVIDE (__ctors_start__ = .)
 *(SORT_BY_NAME(.init_array.*))
 .init_array.00000
                0x000000000800dd34        0x4 /home/ldq/rk-linux/prebuilts/gcc-arm-none-eabi-7-2018-q2-update/bin/../lib/gcc/arm-none-eabi/7.3.1/../../../../arm-none-eabi/lib/thumb/v7-m/libc.a(lib_a-__call_atexit.o)
 *(.init_array)
 .init_array    0x000000000800dd38        0x4 /home/ldq/rk-linux/prebuilts/gcc-arm-none-eabi-7-2018-q2-update/bin/../lib/gcc/arm-none-eabi/7.3.1/thumb/v7-m/crtbegin.o
                [!provide]                        PROVIDE (__ctors_end__ = .)
                0x000000000800dd3c                . = ALIGN (0x4)
                0x000000000800dd3c                _etext = .
                0x000000000800dd3c                __exidx_start = .

.vfp11_veneer   0x000000000800dd3c        0x0
 .vfp11_veneer  0x000000000800dd3c        0x0 linker stubs

.v4_bx          0x000000000800dd3c        0x0
 .v4_bx         0x000000000800dd3c        0x0 linker stubs

.init           0x000000000800dd3c        0x4
 .init          0x000000000800dd3c        0x4 /home/ldq/rk-linux/prebuilts/gcc-arm-none-eabi-7-2018-q2-update/bin/../lib/gcc/arm-none-eabi/7.3.1/thumb/v7-m/crti.o
                0x000000000800dd3c                _init

.fini           0x000000000800dd40        0x4
 .fini          0x000000000800dd40        0x4 /home/ldq/rk-linux/prebuilts/gcc-arm-none-eabi-7-2018-q2-update/bin/../lib/gcc/arm-none-eabi/7.3.1/thumb/v7-m/crti.o
                0x000000000800dd40                _fini

.iplt           0x000000000800dd44        0x0
 .iplt          0x000000000800dd44        0x0 /home/ldq/rk-linux/prebuilts/gcc-arm-none-eabi-7-2018-q2-update/bin/../lib/gcc/arm-none-eabi/7.3.1/thumb/v7-m/crtbegin.o

.eh_frame       0x000000000800dd44        0x0
 .eh_frame      0x000000000800dd44        0x0 /home/ldq/rk-linux/prebuilts/gcc-arm-none-eabi-7-2018-q2-update/bin/../lib/gcc/arm-none-eabi/7.3.1/thumb/v7-m/crtbegin.o

.rel.dyn        0x000000000800dd44        0x0
 .rel.iplt      0x000000000800dd44        0x0 /home/ldq/rk-linux/prebuilts/gcc-arm-none-eabi-7-2018-q2-update/bin/../lib/gcc/arm-none-eabi/7.3.1/thumb/v7-m/crtbegin.o

.ARM.exidx      0x000000000800dd44        0x0
 *(.ARM.exidx* .gnu.linkonce.armexidx.*)
                0x000000000800dd44                _sidata = .
                0x000000000800dd44                __exidx_end = .

.data           0x0000000020000000      0x5a4 load address 0x000000000800dd44
                0x0000000020000000                . = ALIGN (0x4)
                0x0000000020000000                _sdata = .
 *(.data)
 *(.data.*)
 .data.rt_object_container
                0x0000000020000000       0x90 build/kernel/src/object.o
 .data.SystemCoreClock
                0x0000000020000090        0x4 /home/ldq/rk-linux/rt-thread/bsp/stm32/libraries/STM32F1xx_HAL/CMSIS/Device/ST/STM32F1xx/Source/Templates/system_stm32f1xx.o
                0x0000000020000090                SystemCoreClock
 .data.uwTickFreq
                0x0000000020000094        0x1 /home/ldq/rk-linux/rt-thread/bsp/stm32/libraries/STM32F1xx_HAL/STM32F1xx_HAL_Driver/Src/stm32f1xx_hal.o
                0x0000000020000094                uwTickFreq
 *fill*         0x0000000020000095        0x3 
 .data.pin_irq_hdr_tab
                0x0000000020000098       0xc0 /home/ldq/rk-linux/rt-thread/bsp/stm32/libraries/HAL_Drivers/drv_gpio.o
 .data.uart_config
                0x0000000020000158       0x14 /home/ldq/rk-linux/rt-thread/bsp/stm32/libraries/HAL_Drivers/drv_usart.o
 .data.uart1_dma_rx.7134
                0x000000002000016c        0xc /home/ldq/rk-linux/rt-thread/bsp/stm32/libraries/HAL_Drivers/drv_usart.o
 .data.impure_data
                0x0000000020000178      0x428 /home/ldq/rk-linux/prebuilts/gcc-arm-none-eabi-7-2018-q2-update/bin/../lib/gcc/arm-none-eabi/7.3.1/../../../../arm-none-eabi/lib/thumb/v7-m/libc.a(lib_a-impure.o)
 .data.__atexit_recursive_mutex
                0x00000000200005a0        0x4 /home/ldq/rk-linux/prebuilts/gcc-arm-none-eabi-7-2018-q2-update/bin/../lib/gcc/arm-none-eabi/7.3.1/../../../../arm-none-eabi/lib/thumb/v7-m/libc.a(lib_a-__call_atexit.o)
                0x00000000200005a0                __atexit_recursive_mutex
 *(.gnu.linkonce.d*)
                [!provide]                        PROVIDE (__dtors_start__ = .)
 *(SORT_BY_NAME(.dtors.*))
 *(.dtors)